Component: ARM Compiler 5.05 update 1 (build 106) Tool: armlink [4d0efa]

==============================================================================

Section Cross References

    main.o(i.main) refers to _printf_percent.o(.ARM.Collect$$_printf_percent$$00000000) for _printf_percent
    main.o(i.main) refers to _printf_d.o(.ARM.Collect$$_printf_percent$$00000009) for _printf_d
    main.o(i.main) refers to _printf_dec.o(.text) for _printf_int_dec
    main.o(i.main) refers to sys.o(i.Stm32_Clock_Init) for Stm32_Clock_Init
    main.o(i.main) refers to delay.o(i.delay_init) for delay_init
    main.o(i.main) refers to oled.o(i.OLED_Init) for OLED_Init
    main.o(i.main) refers to oled.o(i.OLED_Clear) for OLED_Clear
    main.o(i.main) refers to usart.o(i.uart_init) for uart_init
    main.o(i.main) refers to pwm.o(i.TIM3_PWM_Init) for TIM3_PWM_Init
    main.o(i.main) refers to encoder.o(i.Encoder_Init_TIM2) for Encoder_Init_TIM2
    main.o(i.main) refers to encoder.o(i.Encoder_Init_TIM4) for Encoder_Init_TIM4
    main.o(i.main) refers to ioi2c.o(i.IIC_Init) for IIC_Init
    main.o(i.main) refers to mpu6050.o(i.MPU6050_initialize) for MPU6050_initialize
    main.o(i.main) refers to mpu6050.o(i.DMP_Init) for DMP_Init
    main.o(i.main) refers to dianji.o(i.DIANJI_Init) for DIANJI_Init
    main.o(i.main) refers to hwjs.o(i.hwjs_init) for hwjs_init
    main.o(i.main) refers to timer.o(i.Timer1_Init) for Timer1_Init
    main.o(i.main) refers to key.o(i.HongWai_Scan) for HongWai_Scan
    main.o(i.main) refers to key.o(i.Key_Scan) for Key_Scan
    main.o(i.main) refers to noretval__2printf.o(.text) for __2printf
    main.o(i.main) refers to main.o(.data) for CCR4_Val
    system_stm32f10x.o(i.SetSysClock) refers to system_stm32f10x.o(i.SetSysClockTo72) for SetSysClockTo72
    system_stm32f10x.o(i.SystemCoreClockUpdate) refers to system_stm32f10x.o(.data) for SystemCoreClock
    system_stm32f10x.o(i.SystemInit) refers to system_stm32f10x.o(i.SetSysClock) for SetSysClock
    startup_stm32f10x_md.o(STACK) refers (Special) to heapauxi.o(.text) for __use_two_region_memory
    startup_stm32f10x_md.o(HEAP) refers (Special) to heapauxi.o(.text) for __use_two_region_memory
    startup_stm32f10x_md.o(RESET) refers (Special) to heapauxi.o(.text) for __use_two_region_memory
    startup_stm32f10x_md.o(RESET) refers to startup_stm32f10x_md.o(STACK) for __initial_sp
    startup_stm32f10x_md.o(RESET) refers to startup_stm32f10x_md.o(.text) for Reset_Handler
    startup_stm32f10x_md.o(RESET) refers to stm32f10x_it.o(i.NMI_Handler) for NMI_Handler
    startup_stm32f10x_md.o(RESET) refers to stm32f10x_it.o(i.HardFault_Handler) for HardFault_Handler
    startup_stm32f10x_md.o(RESET) refers to stm32f10x_it.o(i.MemManage_Handler) for MemManage_Handler
    startup_stm32f10x_md.o(RESET) refers to stm32f10x_it.o(i.BusFault_Handler) for BusFault_Handler
    startup_stm32f10x_md.o(RESET) refers to stm32f10x_it.o(i.UsageFault_Handler) for UsageFault_Handler
    startup_stm32f10x_md.o(RESET) refers to stm32f10x_it.o(i.SVC_Handler) for SVC_Handler
    startup_stm32f10x_md.o(RESET) refers to stm32f10x_it.o(i.DebugMon_Handler) for DebugMon_Handler
    startup_stm32f10x_md.o(RESET) refers to stm32f10x_it.o(i.PendSV_Handler) for PendSV_Handler
    startup_stm32f10x_md.o(RESET) refers to stm32f10x_it.o(i.SysTick_Handler) for SysTick_Handler
    startup_stm32f10x_md.o(RESET) refers to hwjs.o(i.EXTI4_IRQHandler) for EXTI4_IRQHandler
    startup_stm32f10x_md.o(RESET) refers to control.o(i.TIM1_UP_IRQHandler) for TIM1_UP_IRQHandler
    startup_stm32f10x_md.o(.text) refers (Special) to heapauxi.o(.text) for __use_two_region_memory
    startup_stm32f10x_md.o(.text) refers to system_stm32f10x.o(i.SystemInit) for SystemInit
    startup_stm32f10x_md.o(.text) refers to __main.o(!!!main) for __main
    startup_stm32f10x_md.o(.text) refers to startup_stm32f10x_md.o(HEAP) for Heap_Mem
    startup_stm32f10x_md.o(.text) refers to startup_stm32f10x_md.o(STACK) for Stack_Mem
    stm32f10x_adc.o(i.ADC_DeInit) refers to stm32f10x_rcc.o(i.RCC_APB2PeriphResetCmd) for RCC_APB2PeriphResetCmd
    stm32f10x_bkp.o(i.BKP_DeInit) refers to stm32f10x_rcc.o(i.RCC_BackupResetCmd) for RCC_BackupResetCmd
    stm32f10x_can.o(i.CAN_DeInit) refers to stm32f10x_rcc.o(i.RCC_APB1PeriphResetCmd) for RCC_APB1PeriphResetCmd
    stm32f10x_can.o(i.CAN_GetITStatus) refers to stm32f10x_can.o(i.CheckITStatus) for CheckITStatus
    stm32f10x_cec.o(i.CEC_DeInit) refers to stm32f10x_rcc.o(i.RCC_APB1PeriphResetCmd) for RCC_APB1PeriphResetCmd
    stm32f10x_dac.o(i.DAC_DeInit) refers to stm32f10x_rcc.o(i.RCC_APB1PeriphResetCmd) for RCC_APB1PeriphResetCmd
    stm32f10x_flash.o(i.FLASH_EnableWriteProtection) refers to stm32f10x_flash.o(i.FLASH_WaitForLastOperation) for FLASH_WaitForLastOperation
    stm32f10x_flash.o(i.FLASH_EraseAllBank1Pages) refers to stm32f10x_flash.o(i.FLASH_WaitForLastBank1Operation) for FLASH_WaitForLastBank1Operation
[...]
    i.mpu_get_gyro_fsr                       0x080041ec   Section        0  inv_mpu.o(i.mpu_get_gyro_fsr)
    i.mpu_get_gyro_sens                      0x08004230   Section        0  inv_mpu.o(i.mpu_get_gyro_sens)
    i.mpu_get_lpf                            0x08004280   Section        0  inv_mpu.o(i.mpu_get_lpf)
    i.mpu_get_sample_rate                    0x080042d0   Section        0  inv_mpu.o(i.mpu_get_sample_rate)
    i.mpu_init                               0x080042f0   Section        0  inv_mpu.o(i.mpu_init)
    i.mpu_load_firmware                      0x080044e0   Section        0  inv_mpu.o(i.mpu_load_firmware)
    i.mpu_lp_accel_mode                      0x08004598   Section        0  inv_mpu.o(i.mpu_lp_accel_mode)
    i.mpu_read_mem                           0x08004678   Section        0  inv_mpu.o(i.mpu_read_mem)
    i.mpu_reset_fifo                         0x080046f8   Section        0  inv_mpu.o(i.mpu_reset_fifo)
    i.mpu_run_self_test                      0x080048b4   Section        0  inv_mpu.o(i.mpu_run_self_test)
    i.mpu_set_accel_fsr                      0x080049d0   Section        0  inv_mpu.o(i.mpu_set_accel_fsr)
    i.mpu_set_bypass                         0x08004a54   Section        0  inv_mpu.o(i.mpu_set_bypass)
    i.mpu_set_dmp_state                      0x08004ba0   Section        0  inv_mpu.o(i.mpu_set_dmp_state)
    i.mpu_set_gyro_fsr                       0x08004c30   Section        0  inv_mpu.o(i.mpu_set_gyro_fsr)
    i.mpu_set_int_latched                    0x08004cb8   Section        0  inv_mpu.o(i.mpu_set_int_latched)
    i.mpu_set_lpf                            0x08004d24   Section        0  inv_mpu.o(i.mpu_set_lpf)
    i.mpu_set_sample_rate                    0x08004da8   Section        0  inv_mpu.o(i.mpu_set_sample_rate)
    i.mpu_set_sensors                        0x08004e44   Section        0  inv_mpu.o(i.mpu_set_sensors)
    i.mpu_write_mem                          0x08004f14   Section        0  inv_mpu.o(i.mpu_write_mem)
    i.oled_pow                               0x08004f94   Section        0  oled.o(i.oled_pow)
    i.oled_show1                             0x08004fac   Section        0  show.o(i.oled_show1)
    i.oled_show2                             0x08005260   Section        0  show.o(i.oled_show2)
    i.oled_show3                             0x080054c8   Section        0  show.o(i.oled_show3)
    i.run_self_test                          0x0800568c   Section        0  mpu6050.o(i.run_self_test)
    run_self_test                            0x0800568d   Thumb Code   150  mpu6050.o(i.run_self_test)
    i.set_int_enable                         0x08005748   Section        0  inv_mpu.o(i.set_int_enable)
    set_int_enable                           0x08005749   Thumb Code   138  inv_mpu.o(i.set_int_enable)
    i.uart_init                              0x080057d8   Section        0  usart.o(i.uart_init)
    x$fpl$d2f                                0x0800589c   Section       98  d2f.o(x$fpl$d2f)
    x$fpl$dadd                               0x08005900   Section      336  daddsub_clz.o(x$fpl$dadd)
    _dadd1                                   0x08005911   Thumb Code     0  daddsub_clz.o(x$fpl$dadd)
    x$fpl$dcheck1                            0x08005a50   Section       16  dcheck1.o(x$fpl$dcheck1)
    x$fpl$dcmpinf                            0x08005a60   Section       24  dcmpi.o(x$fpl$dcmpinf)
    x$fpl$ddiv                               0x08005a78   Section      688  ddiv.o(x$fpl$ddiv)
    ddiv_entry                               0x08005a7f   Thumb Code     0  ddiv.o(x$fpl$ddiv)
    x$fpl$dleqf                              0x08005d28   Section      120  dleqf.o(x$fpl$dleqf)
    x$fpl$dmul                               0x08005da0   Section      340  dmul.o(x$fpl$dmul)
    x$fpl$dnaninf                            0x08005ef4   Section      156  dnaninf.o(x$fpl$dnaninf)
    x$fpl$dretinf                            0x08005f90   Section       12  dretinf.o(x$fpl$dretinf)
    x$fpl$drleqf                             0x08005f9c   Section      108  drleqf.o(x$fpl$drleqf)
    x$fpl$drsb                               0x08006008   Section       22  daddsub_clz.o(x$fpl$drsb)
    x$fpl$dsub                               0x08006020   Section      468  daddsub_clz.o(x$fpl$dsub)
    _dsub1                                   0x08006031   Thumb Code     0  daddsub_clz.o(x$fpl$dsub)
    x$fpl$f2d                                0x080061f4   Section       86  f2d.o(x$fpl$f2d)
    x$fpl$fadd                               0x0800624c   Section      196  faddsub_clz.o(x$fpl$fadd)
    _fadd1                                   0x0800625b   Thumb Code     0  faddsub_clz.o(x$fpl$fadd)
    x$fpl$fcmpinf                            0x08006310   Section       24  fcmpi.o(x$fpl$fcmpinf)
    x$fpl$fdiv                               0x08006328   Section      388  fdiv.o(x$fpl$fdiv)
    _fdiv1                                   0x08006329   Thumb Code     0  fdiv.o(x$fpl$fdiv)
    x$fpl$feqf                               0x080064ac   Section      104  feqf.o(x$fpl$feqf)
    x$fpl$ffix                               0x08006514   Section       54  ffix.o(x$fpl$ffix)
    x$fpl$ffixu                              0x0800654c   Section       62  ffixu.o(x$fpl$ffixu)
    x$fpl$fflt                               0x0800658c   Section       48  fflt_clz.o(x$fpl$fflt)
    x$fpl$ffltu                              0x080065bc   Section       38  fflt_clz.o(x$fpl$ffltu)
    x$fpl$fleqf                              0x080065e4   Section      104  fleqf.o(x$fpl$fleqf)
    x$fpl$fmul                               0x0800664c   Section      258  fmul.o(x$fpl$fmul)
    x$fpl$fnaninf                            0x0800674e   Section      140  fnaninf.o(x$fpl$fnaninf)
    x$fpl$fretinf                            0x080067da   Section       10  fretinf.o(x$fpl$fretinf)
    x$fpl$frleqf                             0x080067e4   Section       98  frleqf.o(x$fpl$frleqf)
    x$fpl$frsb                               0x08006846   Section       20  faddsub_clz.o(x$fpl$frsb)
    x$fpl$fsub                               0x0800685c   Section      234  faddsub_clz.o(x$fpl$fsub)
    _fsub1                                   0x0800686b   Thumb Code     0  faddsub_clz.o(x$fpl$fsub)
    x$fpl$retnan                             0x08006946   Section      100  retnan.o(x$fpl$retnan)
    x$fpl$scalbn                             0x080069aa   Section       92  scalbn.o(x$fpl$scalbn)
    x$fpl$trapveneer                         0x08006a06   Section       48  trapv.o(x$fpl$trapveneer)
    x$fpl$usenofp                            0x08006a36   Section        0  usenofp.o(x$fpl$usenofp)
    .constdata                               0x08006a38   Section       80  inv_mpu.o(.constdata)
    .constdata                               0x08006a88   Section     3062  inv_mpu_dmp_motion_driver.o(.constdata)
    dmp_memory                               0x08006a88   Data        3062  inv_mpu_dmp_motion_driver.o(.constdata)
    .constdata                               0x0800767e   Section     2072  oled.o(.constdata)
    .constdata                               0x08007e98   Section      152  atan.o(.constdata)
    atanhi                                   0x08007e98   Data          32  atan.o(.constdata)
    atanlo                                   0x08007eb8   Data          32  atan.o(.constdata)
    aTodd                                    0x08007ed8   Data          40  atan.o(.constdata)
    aTeven                                   0x08007f00   Data          48  atan.o(.constdata)
    .constdata                               0x08007f30   Section        8  qnan.o(.constdata)
    .conststring                             0x08007f38   Section       78  inv_mpu.o(.conststring)
    .data                                    0x20000000   Section       92  main.o(.data)
    .data                                    0x2000005c   Section        4  delay.o(.data)
    fac_us                                   0x2000005c   Data           1  delay.o(.data)
    fac_ms                                   0x2000005e   Data           2  delay.o(.data)
    .data                                    0x20000060   Section        4  usart.o(.data)
    .data                                    0x20000064   Section       44  control.o(.data)
    .data                                    0x20000090   Section       84  filter.o(.data)
    .data                                    0x200000e4   Section       60  mpu6050.o(.data)
    gyro_orientation                         0x20000110   Data           9  mpu6050.o(.data)
    .data                                    0x20000120   Section       44  inv_mpu.o(.data)
    st                                       0x20000120   Data          44  inv_mpu.o(.data)
    .data                                    0x2000014c   Section        5  hwjs.o(.data)
    .data                                    0x20000154   Section       28  show.o(.data)
    .bss                                     0x20000170   Section       16  filter.o(.bss)
    .bss                                     0x20000180   Section       16  inv_mpu_dmp_motion_driver.o(.bss)
    dmp                                      0x20000180   Data          16  inv_mpu_dmp_motion_driver.o(.bss)
    .bss                                     0x20000190   Section       96  libspace.o(.bss)
    HEAP                                     0x200001f0   Section      512  startup_stm32f10x_md.o(HEAP)
    Heap_Mem                                 0x200001f0   Data         512  startup_stm32f10x_md.o(HEAP)
    STACK                                    0x200003f0   Section     1024  startup_stm32f10x_md.o(STACK)
    Stack_Mem                                0x200003f0   Data        1024  startup_stm32f10x_md.o(STACK)
    __initial_sp                             0x200007f0   Data           0  startup_stm32f10x_md.o(STACK)

    Global Symbols

    Symbol Name                              Value     Ov Type        Size  Object(Section)

    BuildAttributes$$THM_ISAv4$P$D$K$B$S$PE$A:L22UL41UL21$X:L11$S22US41US21$IEEE1$IW$USESV6$~STKCKD$USESV7$~SHL$OTIME$ROPI$IEEEX$EBA8$UX$STANDARDLIB$REQ8$PRES8$EABIv2 0x00000000   Number         0  anon$$obj.o ABSOLUTE
    __ARM_use_no_argv                        0x00000000   Number         0  main.o ABSOLUTE
    __ARM_exceptions_init                     - Undefined Weak Reference
    __alloca_initialize                       - Undefined Weak Reference
    __arm_preinit_                            - Undefined Weak Reference
    __cpp_initialize__aeabi_                  - Undefined Weak Reference
    __cxa_finalize                            - Undefined Weak Reference
    __rt_locale                               - Undefined Weak Reference
    __sigvec_lookup                           - Undefined Weak Reference
    _atexit_init                              - Undefined Weak Reference
    _call_atexit_fns                          - Undefined Weak Reference
    _clock_init                               - Undefined Weak Reference
    _fp_trap_init                             - Undefined Weak Reference
    _fp_trap_shutdown                         - Undefined Weak Reference
    _get_lc_collate                           - Undefined Weak Reference
    _get_lc_ctype                             - Undefined Weak Reference
    _get_lc_monetary                          - Undefined Weak Reference
    _get_lc_numeric                           - Undefined Weak Reference
    _get_lc_time                              - Undefined Weak Reference
    _getenv_init                              - Undefined Weak Reference
    _handle_redirection                       - Undefined Weak Reference
    _init_alloc                               - Undefined Weak Reference
    _init_user_alloc                          - Undefined Weak Reference
    _initio                                   - Undefined Weak Reference
    _mutex_acquire                            - Undefined Weak Reference
    _mutex_release                            - Undefined Weak Reference
    _printf_post_padding                      - Undefined Weak Reference
    _printf_pre_padding                       - Undefined Weak Reference
    _printf_truncate_signed                   - Undefined Weak Reference
    _printf_truncate_unsigned                 - Undefined Weak Reference
    _rand_init                                - Undefined Weak Reference
    _signal_finish                            - Undefined Weak Reference
    _signal_init                              - Undefined Weak Reference
    _terminate_alloc                          - Undefined Weak Reference
    _terminate_user_alloc                     - Undefined Weak Reference
    _terminateio                              - Undefined Weak Reference
    __Vectors_Size                           0x000000ec   Number         0  startup_stm32f10x_md.o ABSOLUTE
    __Vectors                                0x08000000   Data           4  startup_stm32f10x_md.o(RESET)
    __Vectors_End                            0x080000ec   Data           0  startup_stm32f10x_md.o(RESET)
    __main                                   0x080000ed   Thumb Code     8  __main.o(!!!main)
    __scatterload                            0x080000f5   Thumb Code     0  __scatter.o(!!!scatter)
    __scatterload_rt2                        0x080000f5   Thumb Code    44  __scatter.o(!!!scatter)
    __scatterload_rt2_thumb_only             0x080000f5   Thumb Code     0  __scatter.o(!!!scatter)
    __scatterload_null                       0x08000103   Thumb Code     0  __scatter.o(!!!scatter)
    __decompress                             0x08000129   Thumb Code    58  __dczerorl.o(!!dczerorl)
    __decompress0                            0x08000129   Thumb Code     0  __dczerorl.o(!!dczerorl)
    __scatterload_zeroinit                   0x08000165   Thumb Code    28  __scatter_zi.o(!!handler_zi)
    _printf_d                                0x08000181   Thumb Code     0  _printf_d.o(.ARM.Collect$$_printf_percent$$00000009)
    _printf_percent                          0x08000181   Thumb Code     0  _printf_percent.o(.ARM.Collect$$_printf_percent$$00000000)
    _printf_percent_end                      0x08000187   Thumb Code     0  _printf_percent_end.o(.ARM.Collect$$_printf_percent$$00000017)
    __rt_lib_init                            0x0800018b   Thumb Code     0  libinit.o(.ARM.Collect$$libinit$$00000000)
    __rt_lib_init_alloca_1                   0x0800018d   Thumb Code     0  libinit2.o(.ARM.Collect$$libinit$$0000002E)
    __rt_lib_init_argv_1                     0x0800018d   Thumb Code     0  libinit2.o(.ARM.Collect$$libinit$$0000002C)
    __rt_lib_init_atexit_1                   0x0800018d   Thumb Code     0  libinit2.o(.ARM.Collect$$libinit$$0000001B)
    __rt_lib_init_clock_1                    0x0800018d   Thumb Code     0  libinit2.o(.ARM.Collect$$libinit$$00000021)
    __rt_lib_init_cpp_1                      0x0800018d   Thumb Code     0  libinit2.o(.ARM.Collect$$libinit$$00000032)
    __rt_lib_init_exceptions_1               0x0800018d   Thumb Code     0  libinit2.o(.ARM.Collect$$libinit$$00000030)
    __rt_lib_init_fp_1                       0x0800018d   Thumb Code     0  libinit2.o(.ARM.Collect$$libinit$$00000002)
    __rt_lib_init_fp_trap_1                  0x0800018d   Thumb Code     0  libinit2.o(.ARM.Collect$$libinit$$0000001F)
    __rt_lib_init_getenv_1                   0x0800018d   Thumb Code     0  libinit2.o(.ARM.Collect$$libinit$$00000023)
    __rt_lib_init_heap_1                     0x0800018d   Thumb Code     0  libinit2.o(.ARM.Collect$$libinit$$0000000A)
    __rt_lib_init_lc_collate_1               0x0800018d   Thumb Code     0  libinit2.o(.ARM.Collect$$libinit$$00000011)
    __rt_lib_init_lc_ctype_1                 0x0800018d   Thumb Code     0  libinit2.o(.ARM.Collect$$libinit$$00000013)
    __rt_lib_init_lc_monetary_1              0x0800018d   Thumb Code     0  libinit2.o(.ARM.Collect$$libinit$$00000015)
    __rt_lib_init_lc_numeric_1               0x0800018d   Thumb Code     0  libinit2.o(.ARM.Collect$$libinit$$00000017)
    __rt_lib_init_lc_time_1                  0x0800018d   Thumb Code     0  libinit2.o(.ARM.Collect$$libinit$$00000019)
    __rt_lib_init_preinit_1                  0x0800018d   Thumb Code     0  libinit2.o(.ARM.Collect$$libinit$$00000004)
    __rt_lib_init_rand_1                     0x0800018d   Thumb Code     0  libinit2.o(.ARM.Collect$$libinit$$0000000E)
    __rt_lib_init_return                     0x0800018d   Thumb Code     0  libinit2.o(.ARM.Collect$$libinit$$00000033)
    __rt_lib_init_signal_1                   0x0800018d   Thumb Code     0  libinit2.o(.ARM.Collect$$libinit$$0000001D)
    __rt_lib_init_stdio_1                    0x0800018d   Thumb Code     0  libinit2.o(.ARM.Collect$$libinit$$00000025)
    __rt_lib_init_user_alloc_1               0x0800018d   Thumb Code     0  libinit2.o(.ARM.Collect$$libinit$$0000000C)
    __rt_lib_shutdown                        0x0800018f   Thumb Code     0  libshutdown.o(.ARM.Collect$$libshutdown$$00000000)
    __rt_lib_shutdown_fp_trap_1              0x08000191   Thumb Code     0  libshutdown2.o(.ARM.Collect$$libshutdown$$00000006)
    __rt_lib_shutdown_heap_1                 0x08000191   Thumb Code     0  libshutdown2.o(.ARM.Collect$$libshutdown$$0000000E)
    __rt_lib_shutdown_return                 0x08000191   Thumb Code     0  libshutdown2.o(.ARM.Collect$$libshutdown$$0000000F)
    __rt_lib_shutdown_signal_1               0x08000191   Thumb Code     0  libshutdown2.o(.ARM.Collect$$libshutdown$$00000009)
    __rt_lib_shutdown_stdio_1                0x08000191   Thumb Code     0  libshutdown2.o(.ARM.Collect$$libshutdown$$00000003)
    __rt_lib_shutdown_user_alloc_1           0x08000191   Thumb Code     0  libshutdown2.o(.ARM.Collect$$libshutdown$$0000000B)
    __rt_entry                               0x08000193   Thumb Code     0  __rtentry.o(.ARM.Collect$$rtentry$$00000000)
    __rt_entry_presh_1                       0x08000193   Thumb Code     0  __rtentry2.o(.ARM.Collect$$rtentry$$00000002)
    __rt_entry_sh                            0x08000193   Thumb Code     0  __rtentry4.o(.ARM.Collect$$rtentry$$00000004)
    __rt_entry_li                            0x08000199   Thumb Code     0  __rtentry2.o(.ARM.Collect$$rtentry$$0000000A)
    __rt_entry_postsh_1                      0x08000199   Thumb Code     0  __rtentry2.o(.ARM.Collect$$rtentry$$00000009)
    __rt_entry_main                          0x0800019d   Thumb Code     0  __rtentry2.o(.ARM.Collect$$rtentry$$0000000D)
    __rt_entry_postli_1                      0x0800019d   Thumb Code     0  __rtentry2.o(.ARM.Collect$$rtentry$$0000000C)
    __rt_exit                                0x080001a5   Thumb Code     0  rtexit.o(.ARM.Collect$$rtexit$$00000000)
    __rt_exit_ls                             0x080001a7   Thumb Code     0  rtexit2.o(.ARM.Collect$$rtexit$$00000003)
    __rt_exit_prels_1                        0x080001a7   Thumb Code     0  rtexit2.o(.ARM.Collect$$rtexit$$00000002)
    __rt_exit_exit                           0x080001ab   Thumb Code     0  rtexit2.o(.ARM.Collect$$rtexit$$00000004)
    Reset_Handler                            0x080001b1   Thumb Code     8  startup_stm32f10x_md.o(.text)
    ADC1_2_IRQHandler                        0x080001cb   Thumb Code     0  startup_stm32f10x_md.o(.text)
    CAN1_RX1_IRQHandler                      0x080001cb   Thumb Code     0  startup_stm32f10x_md.o(.text)
    CAN1_SCE_IRQHandler                      0x080001cb   Thumb Code     0  startup_stm32f10x_md.o(.text)
    DMA1_Channel1_IRQHandler                 0x080001cb   Thumb Code     0  startup_stm32f10x_md.o(.text)
    DMA1_Channel2_IRQHandler                 0x080001cb   Thumb Code     0  startup_stm32f10x_md.o(.text)
    DMA1_Channel3_IRQHandler                 0x080001cb   Thumb Code     0  startup_stm32f10x_md.o(.text)
    DMA1_Channel4_IRQHandler                 0x080001cb   Thumb Code     0  startup_stm32f10x_md.o(.text)
    DMA1_Channel5_IRQHandler                 0x080001cb   Thumb Code     0  startup_stm32f10x_md.o(.text)
    DMA1_Channel6_IRQHandler                 0x080001cb   Thumb Code     0  startup_stm32f10x_md.o(.text)
    DMA1_Channel7_IRQHandler                 0x080001cb   Thumb Code     0  startup_stm32f10x_md.o(.text)
    EXTI0_IRQHandler                         0x080001cb   Thumb Code     0  startup_stm32f10x_md.o(.text)
    EXTI15_10_IRQHandler                     0x080001cb   Thumb Code     0  startup_stm32f10x_md.o(.text)
    EXTI1_IRQHandler                         0x080001cb   Thumb Code     0  startup_stm32f10x_md.o(.text)
    EXTI2_IRQHandler                         0x080001cb   Thumb Code     0  startup_stm32f10x_md.o(.text)
    EXTI3_IRQHandler                         0x080001cb   Thumb Code     0  startup_stm32f10x_md.o(.text)
    EXTI9_5_IRQHandler                       0x080001cb   Thumb Code     0  startup_stm32f10x_md.o(.text)
    FLASH_IRQHandler                         0x080001cb   Thumb Code     0  startup_stm32f10x_md.o(.text)
    I2C1_ER_IRQHandler                       0x080001cb   Thumb Code     0  startup_stm32f10x_md.o(.text)
    I2C1_EV_IRQHandler                       0x080001cb   Thumb Code     0  startup_stm32f10x_md.o(.text)
    I2C2_ER_IRQHandler                       0x080001cb   Thumb Code     0  startup_stm32f10x_md.o(.text)
    I2C2_EV_IRQHandler                       0x080001cb   Thumb Code     0  startup_stm32f10x_md.o(.text)
    PVD_IRQHandler                           0x080001cb   Thumb Code     0  startup_stm32f10x_md.o(.text)
    RCC_IRQHandler                           0x080001cb   Thumb Code     0  startup_stm32f10x_md.o(.text)
    RTCAlarm_IRQHandler                      0x080001cb   Thumb Code     0  startup_stm32f10x_md.o(.text)
    RTC_IRQHandler                           0x080001cb   Thumb Code     0  startup_stm32f10x_md.o(.text)
    SPI1_IRQHandler                          0x080001cb   Thumb Code     0  startup_stm32f10x_md.o(.text)
    SPI2_IRQHandler                          0x080001cb   Thumb Code     0  startup_stm32f10x_md.o(.text)
    TAMPER_IRQHandler                        0x080001cb   Thumb Code     0  startup_stm32f10x_md.o(.text)
    TIM1_BRK_IRQHandler                      0x080001cb   Thumb Code     0  startup_stm32f10x_md.o(.text)
    TIM1_CC_IRQHandler                       0x080001cb   Thumb Code     0  startup_stm32f10x_md.o(.text)
    TIM1_TRG_COM_IRQHandler                  0x080001cb   Thumb Code     0  startup_stm32f10x_md.o(.text)
    TIM2_IRQHandler                          0x080001cb   Thumb Code     0  startup_stm32f10x_md.o(.text)
    TIM3_IRQHandler                          0x080001cb   Thumb Code     0  startup_stm32f10x_md.o(.text)
    TIM4_IRQHandler                          0x080001cb   Thumb Code     0  startup_stm32f10x_md.o(.text)
    USART1_IRQHandler                        0x080001cb   Thumb Code     0  startup_stm32f10x_md.o(.text)
    USART2_IRQHandler                        0x080001cb   Thumb Code     0  startup_stm32f10x_md.o(.text)
    USART3_IRQHandler                        0x080001cb   Thumb Code     0  startup_stm32f10x_md.o(.text)
    USBWakeUp_IRQHandler                     0x080001cb   Thumb Code     0  startup_stm32f10x_md.o(.text)
    USB_HP_CAN1_TX_IRQHandler                0x080001cb   Thumb Code     0  startup_stm32f10x_md.o(.text)
    USB_LP_CAN1_RX0_IRQHandler               0x080001cb   Thumb Code     0  startup_stm32f10x_md.o(.text)
    WWDG_IRQHandler                          0x080001cb   Thumb Code     0  startup_stm32f10x_md.o(.text)
    __user_initial_stackheap                 0x080001cd   Thumb Code     0  startup_stm32f10x_md.o(.text)
    __use_no_semihosting                     0x080001f1   Thumb Code     2  use_no_semi_2.o(.text)
    __aeabi_ldivmod                          0x080001f3   Thumb Code     0  llsdiv.o(.text)
    _ll_sdiv                                 0x080001f3   Thumb Code    72  llsdiv.o(.text)
    __2printf                                0x0800023d   Thumb Code    20  noretval__2printf.o(.text)
    __printf                                 0x08000255   Thumb Code   104  __printf.o(.text)
    _printf_int_dec                          0x080002bd   Thumb Code   104  _printf_dec.o(.text)
    memcmp                                   0x08000335   Thumb Code    88  memcmp.o(.text)
    __aeabi_memset                           0x0800038d   Thumb Code    16  aeabi_memset.o(.text)
    __use_two_region_memory                  0x0800039d   Thumb Code     2  heapauxi.o(.text)
    __rt_heap_escrow$2region                 0x0800039f   Thumb Code     2  heapauxi.o(.text)
    __rt_heap_expand$2region                 0x080003a1   Thumb Code     2  heapauxi.o(.text)
    __I$use$semihosting                      0x080003a3   Thumb Code     0  use_no_semi.o(.text)
    __use_no_semihosting_swi                 0x080003a3   Thumb Code     2  use_no_semi.o(.text)
    __aeabi_uldivmod                         0x080003a5   Thumb Code     0  lludivv7m.o(.text)
    _ll_udiv                                 0x080003a5   Thumb Code   238  lludivv7m.o(.text)
    _printf_int_common                       0x08000493   Thumb Code   178  _printf_intcommon.o(.text)
    _printf_char_file                        0x08000545   Thumb Code    32  _printf_char_file.o(.text)
    __aeabi_memclr                           0x08000569   Thumb Code     0  rt_memclr.o(.text)
    __rt_memclr                              0x08000569   Thumb Code    68  rt_memclr.o(.text)
    _memset                                  0x0800056d   Thumb Code     0  rt_memclr.o(.text)
    _printf_char_common                      0x080005b7   Thumb Code    32  _printf_char_common.o(.text)
    ferror                                   0x080005dd   Thumb Code     8  ferror.o(.text)
    __aeabi_memclr4                          0x080005e5   Thumb Code     0  rt_memclr_w.o(.text)
    __aeabi_memclr8                          0x080005e5   Thumb Code     0  rt_memclr_w.o(.text)
    __rt_memclr_w                            0x080005e5   Thumb Code    78  rt_memclr_w.o(.text)
    _memset_w                                0x080005e9   Thumb Code     0  rt_memclr_w.o(.text)
    __user_libspace                          0x08000635   Thumb Code     8  libspace.o(.text)
    __user_perproc_libspace                  0x08000635   Thumb Code     0  libspace.o(.text)
    __user_perthread_libspace                0x08000635   Thumb Code     0  libspace.o(.text)
    __user_setup_stackheap                   0x0800063d   Thumb Code    74  sys_stackheap_outer.o(.text)
    exit                                     0x08000687   Thumb Code    12  exit.o(.text)
    Angle_PID                                0x08000695   Thumb Code   180  control.o(i.Angle_PID)
    BusFault_Handler                         0x0800077d   Thumb Code     4  stm32f10x_it.o(i.BusFault_Handler)
    DIANJI_Init                              0x08000781   Thumb Code    68  dianji.o(i.DIANJI_Init)
    DMP_Init                                 0x080007d1   Thumb Code   194  mpu6050.o(i.DMP_Init)
    DebugMon_Handler                         0x080009e1   Thumb Code     2  stm32f10x_it.o(i.DebugMon_Handler)
    EXTI4_IRQHandler                         0x080009e5   Thumb Code   122  hwjs.o(i.EXTI4_IRQHandler)
    EXTI_ClearITPendingBit                   0x08000a6d   Thumb Code     6  stm32f10x_exti.o(i.EXTI_ClearITPendingBit)
    EXTI_Init                                0x08000a79   Thumb Code   142  stm32f10x_exti.o(i.EXTI_Init)
    Encoder_Init_TIM2                        0x08000b0d   Thumb Code   110  encoder.o(i.Encoder_Init_TIM2)
    Encoder_Init_TIM4                        0x08000b85   Thumb Code   136  encoder.o(i.Encoder_Init_TIM4)
    GPIO_EXTILineConfig                      0x08000c19   Thumb Code    60  stm32f10x_gpio.o(i.GPIO_EXTILineConfig)
    GPIO_Init                                0x08000c59   Thumb Code   278  stm32f10x_gpio.o(i.GPIO_Init)
    GPIO_ReadInputDataBit                    0x08000d6f   Thumb Code    18  stm32f10x_gpio.o(i.GPIO_ReadInputDataBit)
    GPIO_ResetBits                           0x08000d81   Thumb Code     4  stm32f10x_gpio.o(i.GPIO_ResetBits)
    GPIO_SetBits                             0x08000d85   Thumb Code     4  stm32f10x_gpio.o(i.GPIO_SetBits)
    Get_Angle                                0x08000d89   Thumb Code   324  control.o(i.Get_Angle)
    HW_jssj                                  0x08000ee9   Thumb Code    40  hwjs.o(i.HW_jssj)
    HardFault_Handler                        0x08000f15   Thumb Code     4  stm32f10x_it.o(i.HardFault_Handler)
    HongWai_Scan                             0x08000f19   Thumb Code   212  key.o(i.HongWai_Scan)
    I2C_ReadOneByte                          0x0800101d   Thumb Code    70  ioi2c.o(i.I2C_ReadOneByte)
    IIC1_Start                               0x08001065   Thumb Code    36  oled.o(i.IIC1_Start)
    IIC1_Stop                                0x0800108d   Thumb Code    28  oled.o(i.IIC1_Stop)
    IIC1_Wait_Ack                            0x080010ad   Thumb Code    20  oled.o(i.IIC1_Wait_Ack)
    IIC_Ack                                  0x080010c5   Thumb Code    64  ioi2c.o(i.IIC_Ack)
    IIC_Init                                 0x08001111   Thumb Code    42  ioi2c.o(i.IIC_Init)
    IIC_NAck                                 0x08001145   Thumb Code    62  ioi2c.o(i.IIC_NAck)
    IIC_Read_Byte                            0x08001191   Thumb Code    98  ioi2c.o(i.IIC_Read_Byte)
    IIC_Send_Byte                            0x08001201   Thumb Code    88  ioi2c.o(i.IIC_Send_Byte)
    IIC_Start                                0x08001265   Thumb Code    92  ioi2c.o(i.IIC_Start)
    IIC_Stop                                 0x080012cd   Thumb Code    60  ioi2c.o(i.IIC_Stop)
    IIC_Wait_Ack                             0x08001315   Thumb Code    92  ioi2c.o(i.IIC_Wait_Ack)
    IICreadByte                              0x0800137d   Thumb Code    22  ioi2c.o(i.IICreadByte)
    IICwriteBit                              0x08001393   Thumb Code    64  ioi2c.o(i.IICwriteBit)
    IICwriteBits                             0x080013d3   Thumb Code   106  ioi2c.o(i.IICwriteBits)
    IICwriteByte                             0x0800143d   Thumb Code    20  ioi2c.o(i.IICwriteByte)
    IICwriteBytes                            0x08001451   Thumb Code    70  ioi2c.o(i.IICwriteBytes)
    Kalman_Filter                            0x08001499   Thumb Code   558  filter.o(i.Kalman_Filter)
    Key_Scan                                 0x08001711   Thumb Code   538  key.o(i.Key_Scan)
    MPU6050_initialize                       0x08001979   Thumb Code    40  mpu6050.o(i.MPU6050_initialize)
    MPU6050_setClockSource                   0x080019a1   Thumb Code    20  mpu6050.o(i.MPU6050_setClockSource)
    MPU6050_setFullScaleAccelRange           0x080019b5   Thumb Code    20  mpu6050.o(i.MPU6050_setFullScaleAccelRange)
    MPU6050_setFullScaleGyroRange            0x080019c9   Thumb Code    20  mpu6050.o(i.MPU6050_setFullScaleGyroRange)
    MPU6050_setI2CBypassEnabled              0x080019dd   Thumb Code    18  mpu6050.o(i.MPU6050_setI2CBypassEnabled)
    MPU6050_setI2CMasterModeEnabled          0x080019ef   Thumb Code    18  mpu6050.o(i.MPU6050_setI2CMasterModeEnabled)
    MPU6050_setSleepEnabled                  0x08001a01   Thumb Code    18  mpu6050.o(i.MPU6050_setSleepEnabled)
    MYRCC_DeInit                             0x08001a15   Thumb Code    90  sys.o(i.MYRCC_DeInit)
    MY_NVIC_Init                             0x08001a7d   Thumb Code   116  sys.o(i.MY_NVIC_Init)
    MY_NVIC_PriorityGroupConfig              0x08001af5   Thumb Code    32  sys.o(i.MY_NVIC_PriorityGroupConfig)
    MY_NVIC_SetVectorTable                   0x08001b1d   Thumb Code    12  sys.o(i.MY_NVIC_SetVectorTable)
    MemManage_Handler                        0x08001b31   Thumb Code     4  stm32f10x_it.o(i.MemManage_Handler)
    NMI_Handler                              0x08001b35   Thumb Code     2  stm32f10x_it.o(i.NMI_Handler)
    NVIC_Init                                0x08001b39   Thumb Code   100  misc.o(i.NVIC_Init)
    NVIC_PriorityGroupConfig                 0x08001ba9   Thumb Code    10  misc.o(i.NVIC_PriorityGroupConfig)
    OLED_Clear                               0x08001bbd   Thumb Code    62  oled.o(i.OLED_Clear)
    OLED_Display_On                          0x08001bfb   Thumb Code    28  oled.o(i.OLED_Display_On)
    OLED_Init                                0x08001c19   Thumb Code   270  oled.o(i.OLED_Init)
    OLED_Set_Pos                             0x08001d2d   Thumb Code    40  oled.o(i.OLED_Set_Pos)
    OLED_ShowChar                            0x08001d55   Thumb Code   154  oled.o(i.OLED_ShowChar)
    OLED_ShowNum                             0x08001df9   Thumb Code   136  oled.o(i.OLED_ShowNum)
    OLED_ShowString                          0x08001e81   Thumb Code    58  oled.o(i.OLED_ShowString)
    OLED_WR_Byte                             0x08001ebb   Thumb Code    24  oled.o(i.OLED_WR_Byte)
    PendSV_Handler                           0x08001ed3   Thumb Code     2  stm32f10x_it.o(i.PendSV_Handler)
    Position_PID                             0x08001ed5   Thumb Code    88  control.o(i.Position_PID)
    RCC_APB1PeriphClockCmd                   0x08001f4d   Thumb Code    26  stm32f10x_rcc.o(i.RCC_APB1PeriphClockCmd)
    RCC_APB2PeriphClockCmd                   0x08001f6d   Thumb Code    26  stm32f10x_rcc.o(i.RCC_APB2PeriphClockCmd)
    Read_Encoder                             0x08001f8d   Thumb Code    70  encoder.o(i.Read_Encoder)
    SVC_Handler                              0x08001fdd   Thumb Code     2  stm32f10x_it.o(i.SVC_Handler)
    Set_Pwm                                  0x080020c9   Thumb Code   206  control.o(i.Set_Pwm)
    Speed_PID                                0x080021b1   Thumb Code   110  control.o(i.Speed_PID)
    Stm32_Clock_Init                         0x0800223d   Thumb Code   134  sys.o(i.Stm32_Clock_Init)
    SysTick_Handler                          0x080022cd   Thumb Code     2  stm32f10x_it.o(i.SysTick_Handler)
    SystemInit                               0x080022d1   Thumb Code    78  system_stm32f10x.o(i.SystemInit)
    TIM1_UP_IRQHandler                       0x08002331   Thumb Code   142  control.o(i.TIM1_UP_IRQHandler)
    TIM3_GPIO_Config                         0x080023d9   Thumb Code    46  pwm.o(i.TIM3_GPIO_Config)
    TIM3_Mode_Config                         0x0800240d   Thumb Code   118  pwm.o(i.TIM3_Mode_Config)
    TIM3_PWM_Init                            0x08002489   Thumb Code    20  pwm.o(i.TIM3_PWM_Init)
    TIM_ARRPreloadConfig                     0x0800249d   Thumb Code    24  stm32f10x_tim.o(i.TIM_ARRPreloadConfig)
    TIM_Cmd                                  0x080024b5   Thumb Code    24  stm32f10x_tim.o(i.TIM_Cmd)
    TIM_OC3Init                              0x080024cd   Thumb Code   150  stm32f10x_tim.o(i.TIM_OC3Init)
    TIM_OC3PreloadConfig                     0x0800256d   Thumb Code    18  stm32f10x_tim.o(i.TIM_OC3PreloadConfig)
    TIM_OC4Init                              0x08002581   Thumb Code   114  stm32f10x_tim.o(i.TIM_OC4Init)
    TIM_OC4PreloadConfig                     0x080025fd   Thumb Code    26  stm32f10x_tim.o(i.TIM_OC4PreloadConfig)
    TIM_SetCompare3                          0x08002617   Thumb Code     4  stm32f10x_tim.o(i.TIM_SetCompare3)
    TIM_SetCompare4                          0x0800261b   Thumb Code     6  stm32f10x_tim.o(i.TIM_SetCompare4)
    TIM_TimeBaseInit                         0x08002621   Thumb Code   122  stm32f10x_tim.o(i.TIM_TimeBaseInit)
    Timer1_Init                              0x080026c5   Thumb Code    82  timer.o(i.Timer1_Init)
    UsageFault_Handler                       0x08002721   Thumb Code     4  stm32f10x_it.o(i.UsageFault_Handler)
    Write_IIC_Byte                           0x08002725   Thumb Code    80  oled.o(i.Write_IIC_Byte)
    Write_IIC_Command                        0x08002779   Thumb Code    44  oled.o(i.Write_IIC_Command)
    Write_IIC_Data                           0x080027a5   Thumb Code    44  oled.o(i.Write_IIC_Data)
    Yijielvbo                                0x080027d1   Thumb Code   132  filter.o(i.Yijielvbo)
    __ARM_fpclassify                         0x08002865   Thumb Code    40  fpclassify.o(i.__ARM_fpclassify)
    __kernel_poly                            0x0800288d   Thumb Code   170  poly.o(i.__kernel_poly)
    __mathlib_dbl_infnan                     0x08002937   Thumb Code     6  dunder.o(i.__mathlib_dbl_infnan)
    __mathlib_dbl_infnan2                    0x0800293d   Thumb Code     4  dunder.o(i.__mathlib_dbl_infnan2)
    __mathlib_dbl_underflow                  0x08002941   Thumb Code    10  dunder.o(i.__mathlib_dbl_underflow)
    _sys_exit                                0x08002951   Thumb Code     6  usart.o(i._sys_exit)
    atan                                     0x08002a01   Thumb Code   474  atan.o(i.atan)
    atan2                                    0x08002c21   Thumb Code   346  atan2.o(i.atan2)
    delay_init                               0x08002da1   Thumb Code    56  delay.o(i.delay_init)
    delay_ms                                 0x08002de1   Thumb Code    56  delay.o(i.delay_ms)
    delay_us                                 0x08002e1d   Thumb Code    56  delay.o(i.delay_us)
    dmp_enable_6x_lp_quat                    0x08002e59   Thumb Code    60  inv_mpu_dmp_motion_driver.o(i.dmp_enable_6x_lp_quat)
    dmp_enable_feature                       0x08002e95   Thumb Code   530  inv_mpu_dmp_motion_driver.o(i.dmp_enable_feature)
    dmp_enable_gyro_cal                      0x080030b1   Thumb Code    62  inv_mpu_dmp_motion_driver.o(i.dmp_enable_gyro_cal)
    dmp_enable_lp_quat                       0x08003109   Thumb Code    60  inv_mpu_dmp_motion_driver.o(i.dmp_enable_lp_quat)
    dmp_load_motion_driver_firmware          0x08003145   Thumb Code    20  inv_mpu_dmp_motion_driver.o(i.dmp_load_motion_driver_firmware)
    dmp_set_accel_bias                       0x0800315d   Thumb Code   300  inv_mpu_dmp_motion_driver.o(i.dmp_set_accel_bias)
    dmp_set_fifo_rate                        0x0800328d   Thumb Code    96  inv_mpu_dmp_motion_driver.o(i.dmp_set_fifo_rate)
    dmp_set_gyro_bias                        0x080032fd   Thumb Code   294  inv_mpu_dmp_motion_driver.o(i.dmp_set_gyro_bias)
    dmp_set_orientation                      0x0800342d   Thumb Code   290  inv_mpu_dmp_motion_driver.o(i.dmp_set_orientation)
    dmp_set_shake_reject_thresh              0x08003565   Thumb Code    56  inv_mpu_dmp_motion_driver.o(i.dmp_set_shake_reject_thresh)
    dmp_set_shake_reject_time                0x0800359d   Thumb Code    38  inv_mpu_dmp_motion_driver.o(i.dmp_set_shake_reject_time)
    dmp_set_shake_reject_timeout             0x080035c3   Thumb Code    38  inv_mpu_dmp_motion_driver.o(i.dmp_set_shake_reject_timeout)
    dmp_set_tap_axes                         0x080035e9   Thumb Code    70  inv_mpu_dmp_motion_driver.o(i.dmp_set_tap_axes)
    dmp_set_tap_count                        0x0800362f   Thumb Code    38  inv_mpu_dmp_motion_driver.o(i.dmp_set_tap_count)
    dmp_set_tap_thresh                       0x08003655   Thumb Code   396  inv_mpu_dmp_motion_driver.o(i.dmp_set_tap_thresh)
    dmp_set_tap_time                         0x080037f5   Thumb Code    38  inv_mpu_dmp_motion_driver.o(i.dmp_set_tap_time)
    dmp_set_tap_time_multi                   0x0800381b   Thumb Code    38  inv_mpu_dmp_motion_driver.o(i.dmp_set_tap_time_multi)
    fputc                                    0x08003841   Thumb Code    24  usart.o(i.fputc)
    hwjs_init                                0x08003e91   Thumb Code   110  hwjs.o(i.hwjs_init)
    i2cRead                                  0x08003f05   Thumb Code   118  ioi2c.o(i.i2cRead)
    i2cWrite                                 0x08003f7b   Thumb Code    96  ioi2c.o(i.i2cWrite)
    main                                     0x08004051   Thumb Code    98  main.o(i.main)
    mpu_configure_fifo                       0x080040cd   Thumb Code   106  inv_mpu.o(i.mpu_configure_fifo)
    mpu_get_accel_fsr                        0x0800413d   Thumb Code    72  inv_mpu.o(i.mpu_get_accel_fsr)
    mpu_get_accel_sens                       0x08004189   Thumb Code    78  inv_mpu.o(i.mpu_get_accel_sens)
    mpu_get_fifo_config                      0x080041dd   Thumb Code    12  inv_mpu.o(i.mpu_get_fifo_config)
    mpu_get_gyro_fsr                         0x080041ed   Thumb Code    64  inv_mpu.o(i.mpu_get_gyro_fsr)
    mpu_get_gyro_sens                        0x08004231   Thumb Code    58  inv_mpu.o(i.mpu_get_gyro_sens)
    mpu_get_lpf                              0x08004281   Thumb Code    74  inv_mpu.o(i.mpu_get_lpf)
    mpu_get_sample_rate                      0x080042d1   Thumb Code    26  inv_mpu.o(i.mpu_get_sample_rate)
    mpu_init                                 0x080042f1   Thumb Code   416  inv_mpu.o(i.mpu_init)
    mpu_load_firmware                        0x080044e1   Thumb Code   180  inv_mpu.o(i.mpu_load_firmware)
    mpu_lp_accel_mode                        0x08004599   Thumb Code   218  inv_mpu.o(i.mpu_lp_accel_mode)
    mpu_read_mem                             0x08004679   Thumb Code   122  inv_mpu.o(i.mpu_read_mem)
    mpu_reset_fifo                           0x080046f9   Thumb Code   438  inv_mpu.o(i.mpu_reset_fifo)
    mpu_run_self_test                        0x080048b5   Thumb Code   278  inv_mpu.o(i.mpu_run_self_test)
    mpu_set_accel_fsr                        0x080049d1   Thumb Code   126  inv_mpu.o(i.mpu_set_accel_fsr)
    mpu_set_bypass                           0x08004a55   Thumb Code   328  inv_mpu.o(i.mpu_set_bypass)
    mpu_set_dmp_state                        0x08004ba1   Thumb Code   138  inv_mpu.o(i.mpu_set_dmp_state)
    mpu_set_gyro_fsr                         0x08004c31   Thumb Code   132  inv_mpu.o(i.mpu_set_gyro_fsr)
    mpu_set_int_latched                      0x08004cb9   Thumb Code   102  inv_mpu.o(i.mpu_set_int_latched)
    mpu_set_lpf                              0x08004d25   Thumb Code   126  inv_mpu.o(i.mpu_set_lpf)
    mpu_set_sample_rate                      0x08004da9   Thumb Code   152  inv_mpu.o(i.mpu_set_sample_rate)
    mpu_set_sensors                          0x08004e45   Thumb Code   202  inv_mpu.o(i.mpu_set_sensors)
    mpu_write_mem                            0x08004f15   Thumb Code   122  inv_mpu.o(i.mpu_write_mem)
    oled_pow                                 0x08004f95   Thumb Code    22  oled.o(i.oled_pow)
    oled_show1                               0x08004fad   Thumb Code   608  show.o(i.oled_show1)
    oled_show2                               0x08005261   Thumb Code   560  show.o(i.oled_show2)
    oled_show3                               0x080054c9   Thumb Code   382  show.o(i.oled_show3)
    uart_init                                0x080057d9   Thumb Code   180  usart.o(i.uart_init)
    __aeabi_d2f                              0x0800589d   Thumb Code     0  d2f.o(x$fpl$d2f)
    _d2f                                     0x0800589d   Thumb Code    98  d2f.o(x$fpl$d2f)
    __aeabi_dadd                             0x08005901   Thumb Code     0  daddsub_clz.o(x$fpl$dadd)
    _dadd                                    0x08005901   Thumb Code   332  daddsub_clz.o(x$fpl$dadd)
    __fpl_dcheck_NaN1                        0x08005a51   Thumb Code    10  dcheck1.o(x$fpl$dcheck1)
    __fpl_dcmp_Inf                           0x08005a61   Thumb Code    24  dcmpi.o(x$fpl$dcmpinf)
    __aeabi_ddiv                             0x08005a79   Thumb Code     0  ddiv.o(x$fpl$ddiv)
    _ddiv                                    0x08005a79   Thumb Code   552  ddiv.o(x$fpl$ddiv)
    __aeabi_cdcmple                          0x08005d29   Thumb Code     0  dleqf.o(x$fpl$dleqf)
    _dcmple                                  0x08005d29   Thumb Code   120  dleqf.o(x$fpl$dleqf)
    __fpl_dcmple_InfNaN                      0x08005d8b   Thumb Code     0  dleqf.o(x$fpl$dleqf)
    __aeabi_dmul                             0x08005da1   Thumb Code     0  dmul.o(x$fpl$dmul)
    _dmul                                    0x08005da1   Thumb Code   332  dmul.o(x$fpl$dmul)
    __fpl_dnaninf                            0x08005ef5   Thumb Code   156  dnaninf.o(x$fpl$dnaninf)
    __fpl_dretinf                            0x08005f91   Thumb Code    12  dretinf.o(x$fpl$dretinf)
    __aeabi_cdrcmple                         0x08005f9d   Thumb Code     0  drleqf.o(x$fpl$drleqf)
    _drcmple                                 0x08005f9d   Thumb Code   108  drleqf.o(x$fpl$drleqf)
    __aeabi_drsub                            0x08006009   Thumb Code     0  daddsub_clz.o(x$fpl$drsb)
    _drsb                                    0x08006009   Thumb Code    22  daddsub_clz.o(x$fpl$drsb)
    __aeabi_dsub                             0x08006021   Thumb Code     0  daddsub_clz.o(x$fpl$dsub)
    _dsub                                    0x08006021   Thumb Code   464  daddsub_clz.o(x$fpl$dsub)
    __aeabi_f2d                              0x080061f5   Thumb Code     0  f2d.o(x$fpl$f2d)
    _f2d                                     0x080061f5   Thumb Code    86  f2d.o(x$fpl$f2d)
    __aeabi_fadd                             0x0800624d   Thumb Code     0  faddsub_clz.o(x$fpl$fadd)
    _fadd                                    0x0800624d   Thumb Code   196  faddsub_clz.o(x$fpl$fadd)
    __fpl_fcmp_Inf                           0x08006311   Thumb Code    24  fcmpi.o(x$fpl$fcmpinf)
    __aeabi_fdiv                             0x08006329   Thumb Code     0  fdiv.o(x$fpl$fdiv)
    _fdiv                                    0x08006329   Thumb Code   384  fdiv.o(x$fpl$fdiv)
    __aeabi_cfcmpeq                          0x080064ad   Thumb Code     0  feqf.o(x$fpl$feqf)
    _fcmpeq                                  0x080064ad   Thumb Code   104  feqf.o(x$fpl$feqf)
    __aeabi_f2iz                             0x08006515   Thumb Code     0  ffix.o(x$fpl$ffix)
    _ffix                                    0x08006515   Thumb Code    54  ffix.o(x$fpl$ffix)
    __aeabi_f2uiz                            0x0800654d   Thumb Code     0  ffixu.o(x$fpl$ffixu)
    _ffixu                                   0x0800654d   Thumb Code    62  ffixu.o(x$fpl$ffixu)
    __aeabi_i2f                              0x0800658d   Thumb Code     0  fflt_clz.o(x$fpl$fflt)
    _fflt                                    0x0800658d   Thumb Code    48  fflt_clz.o(x$fpl$fflt)
    __aeabi_ui2f                             0x080065bd   Thumb Code     0  fflt_clz.o(x$fpl$ffltu)
    _ffltu                                   0x080065bd   Thumb Code    38  fflt_clz.o(x$fpl$ffltu)
    __aeabi_cfcmple                          0x080065e5   Thumb Code     0  fleqf.o(x$fpl$fleqf)
    _fcmple                                  0x080065e5   Thumb Code   104  fleqf.o(x$fpl$fleqf)
    __fpl_fcmple_InfNaN                      0x08006637   Thumb Code     0  fleqf.o(x$fpl$fleqf)
    __aeabi_fmul                             0x0800664d   Thumb Code     0  fmul.o(x$fpl$fmul)
    _fmul                                    0x0800664d   Thumb Code   258  fmul.o(x$fpl$fmul)
    __fpl_fnaninf                            0x0800674f   Thumb Code   140  fnaninf.o(x$fpl$fnaninf)
    __fpl_fretinf                            0x080067db   Thumb Code    10  fretinf.o(x$fpl$fretinf)
    __aeabi_cfrcmple                         0x080067e5   Thumb Code     0  frleqf.o(x$fpl$frleqf)
    _frcmple                                 0x080067e5   Thumb Code    98  frleqf.o(x$fpl$frleqf)
    __aeabi_frsub                            0x08006847   Thumb Code     0  faddsub_clz.o(x$fpl$frsb)
    _frsb                                    0x08006847   Thumb Code    20  faddsub_clz.o(x$fpl$frsb)
    __aeabi_fsub                             0x0800685d   Thumb Code     0  faddsub_clz.o(x$fpl$fsub)
    _fsub                                    0x0800685d   Thumb Code   234  faddsub_clz.o(x$fpl$fsub)
    __fpl_return_NaN                         0x08006947   Thumb Code   100  retnan.o(x$fpl$retnan)
    __ARM_scalbn                             0x080069ab   Thumb Code    92  scalbn.o(x$fpl$scalbn)
    __fpl_cmpreturn                          0x08006a07   Thumb Code    48  trapv.o(x$fpl$trapveneer)
    __I$use$fp                               0x08006a36   Number         0  usenofp.o(x$fpl$usenofp)
    hw                                       0x08006a38   Data          12  inv_mpu.o(.constdata)
    reg                                      0x08006a44   Data          27  inv_mpu.o(.constdata)
    test                                     0x08006a60   Data          40  inv_mpu.o(.constdata)
    F6x8                                     0x0800767e   Data         552  oled.o(.constdata)
    F8X16                                    0x080078a6   Data        1520  oled.o(.constdata)
    __mathlib_zero                           0x08007f30   Data           8  qnan.o(.constdata)
    Region$$Table$$Base                      0x08007f88   Number         0  anon$$obj.o(Region$$Table)
    Region$$Table$$Limit                     0x08007fa8   Number         0  anon$$obj.o(Region$$Table)
    Way_Angle                                0x20000000   Data           1  main.o(.data)
    Angle_Balance                            0x20000004   Data           4  main.o(.data)
    CCR3_Val                                 0x20000008   Data           2  main.o(.data)
    CCR4_Val                                 0x2000000a   Data           2  main.o(.data)
    Encoder_Left                             0x2000000c   Data           4  main.o(.data)
    Encoder_Right                            0x20000010   Data           4  main.o(.data)
    Position                                 0x20000014   Data           4  main.o(.data)
    Angle_PID_Out                            0x20000018   Data           4  main.o(.data)
    Speed_PID_Out                            0x2000001c   Data           4  main.o(.data)
    Position_PID_Out                         0x20000020   Data           4  main.o(.data)
    Zong_PID_Out                             0x20000024   Data           4  main.o(.data)
    flag1                                    0x20000028   Data           1  main.o(.data)
    flag2                                    0x20000029   Data           1  main.o(.data)
    flag3                                    0x2000002a   Data           1  main.o(.data)
    flag4                                    0x2000002b   Data           1  main.o(.data)
    flag5                                    0x2000002c   Data           1  main.o(.data)
    flag6                                    0x2000002d   Data           1  main.o(.data)
    flag7                                    0x2000002e   Data           1  main.o(.data)
    flag8                                    0x2000002f   Data           1  main.o(.data)
    flag9                                    0x20000030   Data           1  main.o(.data)
    Set_Angle                                0x20000034   Data           4  main.o(.data)
    Kp1                                      0x20000038   Data           4  main.o(.data)
    Ki1                                      0x2000003c   Data           4  main.o(.data)
    Kd1                                      0x20000040   Data           4  main.o(.data)
    Kp2                                      0x20000044   Data           4  main.o(.data)
    Ki2                                      0x20000048   Data           4  main.o(.data)
    Kd2                                      0x2000004c   Data           4  main.o(.data)
    Kp3                                      0x20000050   Data           4  main.o(.data)
    Ki3                                      0x20000054   Data           4  main.o(.data)
    Kd3                                      0x20000058   Data           4  main.o(.data)
    __stdout                                 0x20000060   Data           4  usart.o(.data)
    Flag_Target                              0x20000064   Data           1  control.o(.data)
    Real_Angle                               0x20000068   Data           4  control.o(.data)
    err1                                     0x2000006c   Data           4  control.o(.data)
    err_last1                                0x20000070   Data           4  control.o(.data)
    PID_I1                                   0x20000074   Data           4  control.o(.data)
    err2                                     0x20000078   Data           4  control.o(.data)
    err_last2                                0x2000007c   Data           4  control.o(.data)
    PID_I2                                   0x20000080   Data           4  control.o(.data)
    err3                                     0x20000084   Data           4  control.o(.data)
    err_last3                                0x20000088   Data           4  control.o(.data)
    PID_I3                                   0x2000008c   Data           4  control.o(.data)
    K1                                       0x20000090   Data           4  filter.o(.data)
    angle                                    0x20000094   Data           4  filter.o(.data)
    angle_dot                                0x20000098   Data           4  filter.o(.data)
    Q_angle                                  0x2000009c   Data           4  filter.o(.data)
    Q_gyro                                   0x200000a0   Data           4  filter.o(.data)
    R_angle                                  0x200000a4   Data           4  filter.o(.data)
    dt                                       0x200000a8   Data           4  filter.o(.data)
    C_0                                      0x200000ac   Data           1  filter.o(.data)
    Q_bias                                   0x200000b0   Data           4  filter.o(.data)
    Angle_err                                0x200000b4   Data           4  filter.o(.data)
    PCt_0                                    0x200000b8   Data           4  filter.o(.data)
    PCt_1                                    0x200000bc   Data           4  filter.o(.data)
    E                                        0x200000c0   Data           4  filter.o(.data)
    K_0                                      0x200000c4   Data           4  filter.o(.data)
    K_1                                      0x200000c8   Data           4  filter.o(.data)
    t_0                                      0x200000cc   Data           4  filter.o(.data)
    t_1                                      0x200000d0   Data           4  filter.o(.data)
    PP                                       0x200000d4   Data          16  filter.o(.data)
    gyro                                     0x200000e4   Data           6  mpu6050.o(.data)
    accel                                    0x200000ea   Data           6  mpu6050.o(.data)
    sensors                                  0x200000f0   Data           2  mpu6050.o(.data)
    Pitch                                    0x200000f4   Data           4  mpu6050.o(.data)
    Roll                                     0x200000f8   Data           4  mpu6050.o(.data)
    Yaw                                      0x200000fc   Data           4  mpu6050.o(.data)
    q0                                       0x20000100   Data           4  mpu6050.o(.data)
    q1                                       0x20000104   Data           4  mpu6050.o(.data)
    q2                                       0x20000108   Data           4  mpu6050.o(.data)
    q3                                       0x2000010c   Data           4  mpu6050.o(.data)
    Gx_offset                                0x2000011a   Data           2  mpu6050.o(.data)
    Gy_offset                                0x2000011c   Data           2  mpu6050.o(.data)
    Gz_offset                                0x2000011e   Data           2  mpu6050.o(.data)
    hw_jsm                                   0x2000014c   Data           4  hwjs.o(.data)
    hw_jsbz                                  0x20000150   Data           1  hwjs.o(.data)
    i                                        0x20000154   Data           1  show.o(.data)
    Send_Count                               0x20000155   Data           1  show.o(.data)
    Kp2_Bai                                  0x20000158   Data           4  show.o(.data)
    Kp2_Shi                                  0x2000015c   Data           4  show.o(.data)
    Kp2_Ge                                   0x20000160   Data           4  show.o(.data)
    Kd2_Bai                                  0x20000164   Data           4  show.o(.data)
    Kd2_Shi                                  0x20000168   Data           4  show.o(.data)
    Kd2_Ge                                   0x2000016c   Data           4  show.o(.data)
    Pdot                                     0x20000170   Data          16  filter.o(.bss)
    __libspace_start                         0x20000190   Data          96  libspace.o(.bss)
    __temporary_stack_top$libspace           0x200001f0   Data           0  libspace.o(.bss)



==============================================================================

Memory Map of the image

  Image Entry point : 0x080000ed

  Load Region LR_IROM1 (Base: 0x08000000, Size: 0x00008118, Max: 0x00010000, ABSOLUTE, COMPRESSED[0x00007ff4])

    Execution Region ER_IROM1 (Base: 0x08000000, Size: 0x00007fa8, Max: 0x00010000, ABSOLUTE)

    Base Addr    Size         Type   Attr      Idx    E Section Name        Object

    0x08000000   0x000000ec   Data   RO          307    RESET               startup_stm32f10x_md.o
    0x080000ec   0x00000008   Code   RO         4511  * !!!main             c_w.l(__main.o)
    0x080000f4   0x00000034   Code   RO         4833    !!!scatter          c_w.l(__scatter.o)
    0x08000128   0x0000003a   Code   RO         4831    !!dczerorl          c_w.l(__dczerorl.o)
    0x08000162   0x00000002   PAD
    0x08000164   0x0000001c   Code   RO         4835    !!handler_zi        c_w.l(__scatter_zi.o)
    0x08000180   0x00000000   Code   RO         4504    .ARM.Collect$$_printf_percent$$00000000  c_w.l(_printf_percent.o)
    0x08000180   0x00000006   Code   RO         4503    .ARM.Collect$$_printf_percent$$00000009  c_w.l(_printf_d.o)
    0x08000186   0x00000004   Code   RO         4594    .ARM.Collect$$_printf_percent$$00000017  c_w.l(_printf_percent_end.o)
    0x0800018a   0x00000002   Code   RO         4701    .ARM.Collect$$libinit$$00000000  c_w.l(libinit.o)
    0x0800018c   0x00000000   Code   RO         4711    .ARM.Collect$$libinit$$00000002  c_w.l(libinit2.o)
    0x0800018c   0x00000000   Code   RO         4713    .ARM.Collect$$libinit$$00000004  c_w.l(libinit2.o)
    0x0800018c   0x00000000   Code   RO         4716    .ARM.Collect$$libinit$$0000000A  c_w.l(libinit2.o)
    0x0800018c   0x00000000   Code   RO         4718    .ARM.Collect$$libinit$$0000000C  c_w.l(libinit2.o)
    0x0800018c   0x00000000   Code   RO         4720    .ARM.Collect$$libinit$$0000000E  c_w.l(libinit2.o)
    0x0800018c   0x00000000   Code   RO         4723    .ARM.Collect$$libinit$$00000011  c_w.l(libinit2.o)
    0x0800018c   0x00000000   Code   RO         4725    .ARM.Collect$$libinit$$00000013  c_w.l(libinit2.o)
    0x0800018c   0x00000000   Code   RO         4727    .ARM.Collect$$libinit$$00000015  c_w.l(libinit2.o)
    0x0800018c   0x00000000   Code   RO         4729    .ARM.Collect$$libinit$$00000017  c_w.l(libinit2.o)
    0x0800018c   0x00000000   Code   RO         4731    .ARM.Collect$$libinit$$00000019  c_w.l(libinit2.o)
    0x0800018c   0x00000000   Code   RO         4733    .ARM.Collect$$libinit$$0000001B  c_w.l(libinit2.o)
    0x0800018c   0x00000000   Code   RO         4735    .ARM.Collect$$libinit$$0000001D  c_w.l(libinit2.o)
    0x0800018c   0x00000000   Code   RO         4737    .ARM.Collect$$libinit$$0000001F  c_w.l(libinit2.o)
    0x0800018c   0x00000000   Code   RO         4739    .ARM.Collect$$libinit$$00000021  c_w.l(libinit2.o)
    0x0800018c   0x00000000   Code   RO         4741    .ARM.Collect$$libinit$$00000023  c_w.l(libinit2.o)
    0x0800018c   0x00000000   Code   RO         4743    .ARM.Collect$$libinit$$00000025  c_w.l(libinit2.o)
    0x0800018c   0x00000000   Code   RO         4747    .ARM.Collect$$libinit$$0000002C  c_w.l(libinit2.o)
    0x0800018c   0x00000000   Code   RO         4749    .ARM.Collect$$libinit$$0000002E  c_w.l(libinit2.o)
    0x0800018c   0x00000000   Code   RO         4751    .ARM.Collect$$libinit$$00000030  c_w.l(libinit2.o)
    0x0800018c   0x00000000   Code   RO         4753    .ARM.Collect$$libinit$$00000032  c_w.l(libinit2.o)
    0x0800018c   0x00000002   Code   RO         4754    .ARM.Collect$$libinit$$00000033  c_w.l(libinit2.o)
    0x0800018e   0x00000002   Code   RO         4784    .ARM.Collect$$libshutdown$$00000000  c_w.l(libshutdown.o)
    0x08000190   0x00000000   Code   RO         4799    .ARM.Collect$$libshutdown$$00000003  c_w.l(libshutdown2.o)
    0x08000190   0x00000000   Code   RO         4802    .ARM.Collect$$libshutdown$$00000006  c_w.l(libshutdown2.o)
    0x08000190   0x00000000   Code   RO         4805    .ARM.Collect$$libshutdown$$00000009  c_w.l(libshutdown2.o)
    0x08000190   0x00000000   Code   RO         4807    .ARM.Collect$$libshutdown$$0000000B  c_w.l(libshutdown2.o)
    0x08000190   0x00000000   Code   RO         4810    .ARM.Collect$$libshutdown$$0000000E  c_w.l(libshutdown2.o)
    0x08000190   0x00000002   Code   RO         4811    .ARM.Collect$$libshutdown$$0000000F  c_w.l(libshutdown2.o)
    0x08000192   0x00000000   Code   RO         4585    .ARM.Collect$$rtentry$$00000000  c_w.l(__rtentry.o)
    0x08000192   0x00000000   Code   RO         4650    .ARM.Collect$$rtentry$$00000002  c_w.l(__rtentry2.o)
    0x08000192   0x00000006   Code   RO         4662    .ARM.Collect$$rtentry$$00000004  c_w.l(__rtentry4.o)
    0x08000198   0x00000000   Code   RO         4652    .ARM.Collect$$rtentry$$00000009  c_w.l(__rtentry2.o)
    0x08000198   0x00000004   Code   RO         4653    .ARM.Collect$$rtentry$$0000000A  c_w.l(__rtentry2.o)
    0x0800019c   0x00000000   Code   RO         4655    .ARM.Collect$$rtentry$$0000000C  c_w.l(__rtentry2.o)
    0x0800019c   0x00000008   Code   RO         4656    .ARM.Collect$$rtentry$$0000000D  c_w.l(__rtentry2.o)
    0x080001a4   0x00000002   Code   RO         4704    .ARM.Collect$$rtexit$$00000000  c_w.l(rtexit.o)
    0x080001a6   0x00000000   Code   RO         4758    .ARM.Collect$$rtexit$$00000002  c_w.l(rtexit2.o)
    0x080001a6   0x00000004   Code   RO         4759    .ARM.Collect$$rtexit$$00000003  c_w.l(rtexit2.o)
    0x080001aa   0x00000006   Code   RO         4760    .ARM.Collect$$rtexit$$00000004  c_w.l(rtexit2.o)
    0x080001b0   0x00000040   Code   RO          308    .text               startup_stm32f10x_md.o
    0x080001f0   0x00000002   Code   RO         4471    .text               c_w.l(use_no_semi_2.o)
    0x080001f2   0x00000048   Code   RO         4473    .text               c_w.l(llsdiv.o)
    0x0800023a   0x00000002   PAD
    0x0800023c   0x00000018   Code   RO         4477    .text               c_w.l(noretval__2printf.o)
    0x08000254   0x00000068   Code   RO         4479    .text               c_w.l(__printf.o)
    0x080002bc   0x00000078   Code   RO         4481    .text               c_w.l(_printf_dec.o)
    0x08000334   0x00000058   Code   RO         4505    .text               c_w.l(memcmp.o)
    0x0800038c   0x00000010   Code   RO         4507    .text               c_w.l(aeabi_memset.o)
    0x0800039c   0x00000006   Code   RO         4509    .text               c_w.l(heapauxi.o)
    0x080003a2   0x00000002   Code   RO         4583    .text               c_w.l(use_no_semi.o)
    0x080003a4   0x000000ee   Code   RO         4586    .text               c_w.l(lludivv7m.o)
    0x08000492   0x000000b2   Code   RO         4590    .text               c_w.l(_printf_intcommon.o)
    0x08000544   0x00000024   Code   RO         4592    .text               c_w.l(_printf_char_file.o)
    0x08000568   0x00000044   Code   RO         4595    .text               c_w.l(rt_memclr.o)
    0x080005ac   0x00000030   Code   RO         4673    .text               c_w.l(_printf_char_common.o)
    0x080005dc   0x00000008   Code   RO         4675    .text               c_w.l(ferror.o)
    0x080005e4   0x0000004e   Code   RO         4679    .text               c_w.l(rt_memclr_w.o)
    0x08000632   0x00000002   PAD
    0x08000634   0x00000008   Code   RO         4685    .text               c_w.l(libspace.o)
    0x0800063c   0x0000004a   Code   RO         4688    .text               c_w.l(sys_stackheap_outer.o)
    0x08000686   0x0000000c   Code   RO         4694    .text               c_w.l(exit.o)
    0x08000692   0x00000002   PAD
    0x08000694   0x000000e8   Code   RO         3410    i.Angle_PID         control.o
    0x0800077c   0x00000004   Code   RO          171    i.BusFault_Handler  stm32f10x_it.o
    0x08000780   0x00000050   Code   RO         3743    i.DIANJI_Init       dianji.o
    0x080007d0   0x00000210   Code   RO         3596    i.DMP_Init          mpu6050.o
    0x080009e0   0x00000002   Code   RO          172    i.DebugMon_Handler  stm32f10x_it.o
    0x080009e2   0x00000002   PAD
    0x080009e4   0x00000088   Code   RO         4389    i.EXTI4_IRQHandler  hwjs.o
    0x08000a6c   0x0000000c   Code   RO         1110    i.EXTI_ClearITPendingBit  stm32f10x_exti.o
    0x08000a78   0x00000094   Code   RO         1115    i.EXTI_Init         stm32f10x_exti.o
    0x08000b0c   0x00000078   Code   RO         4220    i.Encoder_Init_TIM2  encoder.o
    0x08000b84   0x00000094   Code   RO         4221    i.Encoder_Init_TIM4  encoder.o
    0x08000c18   0x00000040   Code   RO         1460    i.GPIO_EXTILineConfig  stm32f10x_gpio.o
    0x08000c58   0x00000116   Code   RO         1463    i.GPIO_Init         stm32f10x_gpio.o
    0x08000d6e   0x00000012   Code   RO         1467    i.GPIO_ReadInputDataBit  stm32f10x_gpio.o
    0x08000d80   0x00000004   Code   RO         1470    i.GPIO_ResetBits    stm32f10x_gpio.o
    0x08000d84   0x00000004   Code   RO         1471    i.GPIO_SetBits      stm32f10x_gpio.o
    0x08000d88   0x00000160   Code   RO         3411    i.Get_Angle         control.o
    0x08000ee8   0x0000002c   Code   RO         4390    i.HW_jssj           hwjs.o
    0x08000f14   0x00000004   Code   RO          173    i.HardFault_Handler  stm32f10x_it.o
    0x08000f18   0x00000104   Code   RO         4447    i.HongWai_Scan      key.o
    0x0800101c   0x00000046   Code   RO         3488    i.I2C_ReadOneByte   ioi2c.o
    0x08001062   0x00000002   PAD
    0x08001064   0x00000028   Code   RO         4246    i.IIC1_Start        oled.o
    0x0800108c   0x00000020   Code   RO         4247    i.IIC1_Stop         oled.o
    0x080010ac   0x00000018   Code   RO         4248    i.IIC1_Wait_Ack     oled.o
    0x080010c4   0x0000004c   Code   RO         3489    i.IIC_Ack           ioi2c.o
    0x08001110   0x00000034   Code   RO         3490    i.IIC_Init          ioi2c.o
    0x08001144   0x0000004c   Code   RO         3491    i.IIC_NAck          ioi2c.o
    0x08001190   0x00000070   Code   RO         3492    i.IIC_Read_Byte     ioi2c.o
    0x08001200   0x00000064   Code   RO         3493    i.IIC_Send_Byte     ioi2c.o
    0x08001264   0x00000068   Code   RO         3494    i.IIC_Start         ioi2c.o
    0x080012cc   0x00000048   Code   RO         3495    i.IIC_Stop          ioi2c.o
    0x08001314   0x00000068   Code   RO         3496    i.IIC_Wait_Ack      ioi2c.o
    0x0800137c   0x00000016   Code   RO         3497    i.IICreadByte       ioi2c.o
    0x08001392   0x00000040   Code   RO         3499    i.IICwriteBit       ioi2c.o
    0x080013d2   0x0000006a   Code   RO         3500    i.IICwriteBits      ioi2c.o
    0x0800143c   0x00000014   Code   RO         3501    i.IICwriteByte      ioi2c.o
    0x08001450   0x00000046   Code   RO         3502    i.IICwriteBytes     ioi2c.o
    0x08001496   0x00000002   PAD
    0x08001498   0x00000278   Code   RO         3463    i.Kalman_Filter     filter.o
    0x08001710   0x00000268   Code   RO         4448    i.Key_Scan          key.o
    0x08001978   0x00000028   Code   RO         3598    i.MPU6050_initialize  mpu6050.o
    0x080019a0   0x00000014   Code   RO         3600    i.MPU6050_setClockSource  mpu6050.o
    0x080019b4   0x00000014   Code   RO         3601    i.MPU6050_setFullScaleAccelRange  mpu6050.o
    0x080019c8   0x00000014   Code   RO         3602    i.MPU6050_setFullScaleGyroRange  mpu6050.o
    0x080019dc   0x00000012   Code   RO         3603    i.MPU6050_setI2CBypassEnabled  mpu6050.o
    0x080019ee   0x00000012   Code   RO         3604    i.MPU6050_setI2CMasterModeEnabled  mpu6050.o
    0x08001a00   0x00000012   Code   RO         3605    i.MPU6050_setSleepEnabled  mpu6050.o
    0x08001a12   0x00000002   PAD
    0x08001a14   0x00000068   Code   RO         3312    i.MYRCC_DeInit      sys.o
    0x08001a7c   0x00000078   Code   RO         3313    i.MY_NVIC_Init      sys.o
    0x08001af4   0x00000028   Code   RO         3314    i.MY_NVIC_PriorityGroupConfig  sys.o
    0x08001b1c   0x00000014   Code   RO         3315    i.MY_NVIC_SetVectorTable  sys.o
    0x08001b30   0x00000004   Code   RO          174    i.MemManage_Handler  stm32f10x_it.o
    0x08001b34   0x00000002   Code   RO          175    i.NMI_Handler       stm32f10x_it.o
    0x08001b36   0x00000002   PAD
    0x08001b38   0x00000070   Code   RO          312    i.NVIC_Init         misc.o
    0x08001ba8   0x00000014   Code   RO          313    i.NVIC_PriorityGroupConfig  misc.o
    0x08001bbc   0x0000003e   Code   RO         4249    i.OLED_Clear        oled.o
    0x08001bfa   0x0000001c   Code   RO         4251    i.OLED_Display_On   oled.o
    0x08001c16   0x00000002   PAD
    0x08001c18   0x00000114   Code   RO         4253    i.OLED_Init         oled.o
    0x08001d2c   0x00000028   Code   RO         4255    i.OLED_Set_Pos      oled.o
    0x08001d54   0x000000a4   Code   RO         4257    i.OLED_ShowChar     oled.o
    0x08001df8   0x00000088   Code   RO         4258    i.OLED_ShowNum      oled.o
    0x08001e80   0x0000003a   Code   RO         4259    i.OLED_ShowString   oled.o
    0x08001eba   0x00000018   Code   RO         4260    i.OLED_WR_Byte      oled.o
    0x08001ed2   0x00000002   Code   RO          176    i.PendSV_Handler    stm32f10x_it.o
    0x08001ed4   0x00000078   Code   RO         3412    i.Position_PID      control.o
    0x08001f4c   0x00000020   Code   RO         1879    i.RCC_APB1PeriphClockCmd  stm32f10x_rcc.o
    0x08001f6c   0x00000020   Code   RO         1881    i.RCC_APB2PeriphClockCmd  stm32f10x_rcc.o
    0x08001f8c   0x00000050   Code   RO         4222    i.Read_Encoder      encoder.o
    0x08001fdc   0x00000002   Code   RO          177    i.SVC_Handler       stm32f10x_it.o
    0x08001fde   0x00000008   Code   RO          260    i.SetSysClock       system_stm32f10x.o
    0x08001fe6   0x00000002   PAD
    0x08001fe8   0x000000e0   Code   RO          261    i.SetSysClockTo72   system_stm32f10x.o
    0x080020c8   0x000000e8   Code   RO         3413    i.Set_Pwm           control.o
    0x080021b0   0x0000008c   Code   RO         3414    i.Speed_PID         control.o
    0x0800223c   0x00000090   Code   RO         3316    i.Stm32_Clock_Init  sys.o
    0x080022cc   0x00000002   Code   RO          178    i.SysTick_Handler   stm32f10x_it.o
    0x080022ce   0x00000002   PAD
    0x080022d0   0x00000060   Code   RO          263    i.SystemInit        system_stm32f10x.o
    0x08002330   0x000000a8   Code   RO         3415    i.TIM1_UP_IRQHandler  control.o
    0x080023d8   0x00000034   Code   RO         3719    i.TIM3_GPIO_Config  pwm.o
    0x0800240c   0x0000007c   Code   RO         3720    i.TIM3_Mode_Config  pwm.o
    0x08002488   0x00000014   Code   RO         3721    i.TIM3_PWM_Init     pwm.o
    0x0800249c   0x00000018   Code   RO         2501    i.TIM_ARRPreloadConfig  stm32f10x_tim.o
    0x080024b4   0x00000018   Code   RO         2513    i.TIM_Cmd           stm32f10x_tim.o
    0x080024cc   0x000000a0   Code   RO         2552    i.TIM_OC3Init       stm32f10x_tim.o
    0x0800256c   0x00000012   Code   RO         2555    i.TIM_OC3PreloadConfig  stm32f10x_tim.o
    0x0800257e   0x00000002   PAD
    0x08002580   0x0000007c   Code   RO         2557    i.TIM_OC4Init       stm32f10x_tim.o
    0x080025fc   0x0000001a   Code   RO         2559    i.TIM_OC4PreloadConfig  stm32f10x_tim.o
    0x08002616   0x00000004   Code   RO         2576    i.TIM_SetCompare3   stm32f10x_tim.o
    0x0800261a   0x00000006   Code   RO         2577    i.TIM_SetCompare4   stm32f10x_tim.o
    0x08002620   0x000000a4   Code   RO         2584    i.TIM_TimeBaseInit  stm32f10x_tim.o
    0x080026c4   0x0000005c   Code   RO         3707    i.Timer1_Init       timer.o
    0x08002720   0x00000004   Code   RO          179    i.UsageFault_Handler  stm32f10x_it.o
    0x08002724   0x00000054   Code   RO         4261    i.Write_IIC_Byte    oled.o
    0x08002778   0x0000002c   Code   RO         4262    i.Write_IIC_Command  oled.o
    0x080027a4   0x0000002c   Code   RO         4263    i.Write_IIC_Data    oled.o
    0x080027d0   0x00000094   Code   RO         3464    i.Yijielvbo         filter.o
    0x08002864   0x00000028   Code   RO         4636    i.__ARM_fpclassify  m_ws.l(fpclassify.o)
    0x0800288c   0x000000aa   Code   RO         4638    i.__kernel_poly     m_ws.l(poly.o)
    0x08002936   0x00000006   Code   RO         4623    i.__mathlib_dbl_infnan  m_ws.l(dunder.o)
    0x0800293c   0x00000004   Code   RO         4624    i.__mathlib_dbl_infnan2  m_ws.l(dunder.o)
    0x08002940   0x00000010   Code   RO         4628    i.__mathlib_dbl_underflow  m_ws.l(dunder.o)
    0x08002950   0x00000006   Code   RO         3373    i._sys_exit         usart.o
    0x08002956   0x00000002   PAD
    0x08002958   0x000000a8   Code   RO         3755    i.accel_self_test   inv_mpu.o
    0x08002a00   0x00000220   Code   RO         4613    i.atan              m_ws.l(atan.o)
    0x08002c20   0x00000180   Code   RO         4576    i.atan2             m_ws.l(atan2.o)
    0x08002da0   0x00000040   Code   RO         3279    i.delay_init        delay.o
    0x08002de0   0x0000003c   Code   RO         3280    i.delay_ms          delay.o
    0x08002e1c   0x0000003c   Code   RO         3281    i.delay_us          delay.o
    0x08002e58   0x0000003c   Code   RO         4045    i.dmp_enable_6x_lp_quat  inv_mpu_dmp_motion_driver.o
    0x08002e94   0x0000021c   Code   RO         4046    i.dmp_enable_feature  inv_mpu_dmp_motion_driver.o
    0x080030b0   0x00000058   Code   RO         4047    i.dmp_enable_gyro_cal  inv_mpu_dmp_motion_driver.o
    0x08003108   0x0000003c   Code   RO         4048    i.dmp_enable_lp_quat  inv_mpu_dmp_motion_driver.o
    0x08003144   0x00000018   Code   RO         4053    i.dmp_load_motion_driver_firmware  inv_mpu_dmp_motion_driver.o
    0x0800315c   0x00000130   Code   RO         4057    i.dmp_set_accel_bias  inv_mpu_dmp_motion_driver.o
    0x0800328c   0x00000070   Code   RO         4058    i.dmp_set_fifo_rate  inv_mpu_dmp_motion_driver.o
    0x080032fc   0x00000130   Code   RO         4059    i.dmp_set_gyro_bias  inv_mpu_dmp_motion_driver.o
    0x0800342c   0x00000138   Code   RO         4061    i.dmp_set_orientation  inv_mpu_dmp_motion_driver.o
    0x08003564   0x00000038   Code   RO         4064    i.dmp_set_shake_reject_thresh  inv_mpu_dmp_motion_driver.o
    0x0800359c   0x00000026   Code   RO         4065    i.dmp_set_shake_reject_time  inv_mpu_dmp_motion_driver.o
    0x080035c2   0x00000026   Code   RO         4066    i.dmp_set_shake_reject_timeout  inv_mpu_dmp_motion_driver.o
    0x080035e8   0x00000046   Code   RO         4067    i.dmp_set_tap_axes  inv_mpu_dmp_motion_driver.o
    0x0800362e   0x00000026   Code   RO         4068    i.dmp_set_tap_count  inv_mpu_dmp_motion_driver.o
    0x08003654   0x000001a0   Code   RO         4069    i.dmp_set_tap_thresh  inv_mpu_dmp_motion_driver.o
    0x080037f4   0x00000026   Code   RO         4070    i.dmp_set_tap_time  inv_mpu_dmp_motion_driver.o
    0x0800381a   0x00000026   Code   RO         4071    i.dmp_set_tap_time_multi  inv_mpu_dmp_motion_driver.o
    0x08003840   0x0000001c   Code   RO         3374    i.fputc             usart.o
    0x0800385c   0x000000b4   Code   RO         3756    i.get_accel_prod_shift  inv_mpu.o
    0x08003910   0x00000470   Code   RO         3757    i.get_st_biases     inv_mpu.o
    0x08003d80   0x00000110   Code   RO         3758    i.gyro_self_test    inv_mpu.o
    0x08003e90   0x00000074   Code   RO         4391    i.hwjs_init         hwjs.o
    0x08003f04   0x00000076   Code   RO         3503    i.i2cRead           ioi2c.o
    0x08003f7a   0x00000060   Code   RO         3504    i.i2cWrite          ioi2c.o
    0x08003fda   0x00000028   Code   RO         3609    i.inv_orientation_matrix_to_scalar  mpu6050.o
    0x08004002   0x0000004e   Code   RO         3610    i.inv_row_2_scale   mpu6050.o
    0x08004050   0x0000007c   Code   RO            1    i.main              main.o
    0x080040cc   0x00000070   Code   RO         3759    i.mpu_configure_fifo  inv_mpu.o
    0x0800413c   0x0000004c   Code   RO         3760    i.mpu_get_accel_fsr  inv_mpu.o
    0x08004188   0x00000054   Code   RO         3762    i.mpu_get_accel_sens  inv_mpu.o
    0x080041dc   0x00000010   Code   RO         3767    i.mpu_get_fifo_config  inv_mpu.o
    0x080041ec   0x00000044   Code   RO         3768    i.mpu_get_gyro_fsr  inv_mpu.o
    0x08004230   0x00000050   Code   RO         3770    i.mpu_get_gyro_sens  inv_mpu.o
    0x08004280   0x00000050   Code   RO         3772    i.mpu_get_lpf       inv_mpu.o
    0x080042d0   0x00000020   Code   RO         3774    i.mpu_get_sample_rate  inv_mpu.o
    0x080042f0   0x000001f0   Code   RO         3776    i.mpu_init          inv_mpu.o
    0x080044e0   0x000000b8   Code   RO         3777    i.mpu_load_firmware  inv_mpu.o
    0x08004598   0x000000e0   Code   RO         3778    i.mpu_lp_accel_mode  inv_mpu.o
    0x08004678   0x00000080   Code   RO         3782    i.mpu_read_mem      inv_mpu.o
    0x080046f8   0x000001bc   Code   RO         3785    i.mpu_reset_fifo    inv_mpu.o
    0x080048b4   0x0000011c   Code   RO         3786    i.mpu_run_self_test  inv_mpu.o
    0x080049d0   0x00000084   Code   RO         3788    i.mpu_set_accel_fsr  inv_mpu.o
    0x08004a54   0x0000014c   Code   RO         3789    i.mpu_set_bypass    inv_mpu.o
    0x08004ba0   0x00000090   Code   RO         3791    i.mpu_set_dmp_state  inv_mpu.o
    0x08004c30   0x00000088   Code   RO         3792    i.mpu_set_gyro_fsr  inv_mpu.o
    0x08004cb8   0x0000006c   Code   RO         3793    i.mpu_set_int_latched  inv_mpu.o
    0x08004d24   0x00000084   Code   RO         3795    i.mpu_set_lpf       inv_mpu.o
    0x08004da8   0x0000009c   Code   RO         3796    i.mpu_set_sample_rate  inv_mpu.o
    0x08004e44   0x000000d0   Code   RO         3797    i.mpu_set_sensors   inv_mpu.o
    0x08004f14   0x00000080   Code   RO         3798    i.mpu_write_mem     inv_mpu.o
    0x08004f94   0x00000016   Code   RO         4265    i.oled_pow          oled.o
    0x08004faa   0x00000002   PAD
    0x08004fac   0x000002b4   Code   RO         4419    i.oled_show1        show.o
    0x08005260   0x00000268   Code   RO         4420    i.oled_show2        show.o
    0x080054c8   0x000001c4   Code   RO         4421    i.oled_show3        show.o
    0x0800568c   0x000000bc   Code   RO         3611    i.run_self_test     mpu6050.o
    0x08005748   0x00000090   Code   RO         3800    i.set_int_enable    inv_mpu.o
    0x080057d8   0x000000c4   Code   RO         3375    i.uart_init         usart.o
    0x0800589c   0x00000062   Code   RO         4513    x$fpl$d2f           fz_ws.l(d2f.o)
    0x080058fe   0x00000002   PAD
    0x08005900   0x00000150   Code   RO         4515    x$fpl$dadd          fz_ws.l(daddsub_clz.o)
    0x08005a50   0x00000010   Code   RO         4681    x$fpl$dcheck1       fz_ws.l(dcheck1.o)
    0x08005a60   0x00000018   Code   RO         4597    x$fpl$dcmpinf       fz_ws.l(dcmpi.o)
    0x08005a78   0x000002b0   Code   RO         4522    x$fpl$ddiv          fz_ws.l(ddiv.o)
    0x08005d28   0x00000078   Code   RO         4525    x$fpl$dleqf         fz_ws.l(dleqf.o)
    0x08005da0   0x00000154   Code   RO         4527    x$fpl$dmul          fz_ws.l(dmul.o)
    0x08005ef4   0x0000009c   Code   RO         4599    x$fpl$dnaninf       fz_ws.l(dnaninf.o)
    0x08005f90   0x0000000c   Code   RO         4601    x$fpl$dretinf       fz_ws.l(dretinf.o)
    0x08005f9c   0x0000006c   Code   RO         4529    x$fpl$drleqf        fz_ws.l(drleqf.o)
    0x08006008   0x00000016   Code   RO         4516    x$fpl$drsb          fz_ws.l(daddsub_clz.o)
    0x0800601e   0x00000002   PAD
    0x08006020   0x000001d4   Code   RO         4517    x$fpl$dsub          fz_ws.l(daddsub_clz.o)
    0x080061f4   0x00000056   Code   RO         4531    x$fpl$f2d           fz_ws.l(f2d.o)
    0x0800624a   0x00000002   PAD
    0x0800624c   0x000000c4   Code   RO         4533    x$fpl$fadd          fz_ws.l(faddsub_clz.o)
    0x08006310   0x00000018   Code   RO         4603    x$fpl$fcmpinf       fz_ws.l(fcmpi.o)
    0x08006328   0x00000184   Code   RO         4540    x$fpl$fdiv          fz_ws.l(fdiv.o)
    0x080064ac   0x00000068   Code   RO         4543    x$fpl$feqf          fz_ws.l(feqf.o)
    0x08006514   0x00000036   Code   RO         4545    x$fpl$ffix          fz_ws.l(ffix.o)
    0x0800654a   0x00000002   PAD
    0x0800654c   0x0000003e   Code   RO         4549    x$fpl$ffixu         fz_ws.l(ffixu.o)
    0x0800658a   0x00000002   PAD
    0x0800658c   0x00000030   Code   RO         4554    x$fpl$fflt          fz_ws.l(fflt_clz.o)
    0x080065bc   0x00000026   Code   RO         4553    x$fpl$ffltu         fz_ws.l(fflt_clz.o)
    0x080065e2   0x00000002   PAD
    0x080065e4   0x00000068   Code   RO         4559    x$fpl$fleqf         fz_ws.l(fleqf.o)
    0x0800664c   0x00000102   Code   RO         4561    x$fpl$fmul          fz_ws.l(fmul.o)
    0x0800674e   0x0000008c   Code   RO         4605    x$fpl$fnaninf       fz_ws.l(fnaninf.o)
    0x080067da   0x0000000a   Code   RO         4607    x$fpl$fretinf       fz_ws.l(fretinf.o)
    0x080067e4   0x00000062   Code   RO         4563    x$fpl$frleqf        fz_ws.l(frleqf.o)
    0x08006846   0x00000014   Code   RO         4534    x$fpl$frsb          fz_ws.l(faddsub_clz.o)
    0x0800685a   0x00000002   PAD
    0x0800685c   0x000000ea   Code   RO         4535    x$fpl$fsub          fz_ws.l(faddsub_clz.o)
    0x08006946   0x00000064   Code   RO         4702    x$fpl$retnan        fz_ws.l(retnan.o)
    0x080069aa   0x0000005c   Code   RO         4609    x$fpl$scalbn        fz_ws.l(scalbn.o)
    0x08006a06   0x00000030   Code   RO         4755    x$fpl$trapveneer    fz_ws.l(trapv.o)
    0x08006a36   0x00000000   Code   RO         4611    x$fpl$usenofp       fz_ws.l(usenofp.o)
    0x08006a36   0x00000002   PAD
    0x08006a38   0x00000050   Data   RO         3801    .constdata          inv_mpu.o
    0x08006a88   0x00000bf6   Data   RO         4073    .constdata          inv_mpu_dmp_motion_driver.o
    0x0800767e   0x00000818   Data   RO         4266    .constdata          oled.o
    0x08007e96   0x00000002   PAD
    0x08007e98   0x00000098   Data   RO         4614    .constdata          m_ws.l(atan.o)
    0x08007f30   0x00000008   Data   RO         4640    .constdata          m_ws.l(qnan.o)
    0x08007f38   0x0000004e   Data   RO         3802    .conststring        inv_mpu.o
    0x08007f86   0x00000002   PAD
    0x08007f88   0x00000020   Data   RO         4829    Region$$Table       anon$$obj.o


    Execution Region RW_IRAM1 (Base: 0x20000000, Size: 0x000007f0, Max: 0x00005000, ABSOLUTE, COMPRESSED[0x0000004c])

    Base Addr    Size         Type   Attr      Idx    E Section Name        Object

    0x20000000   0x0000005c   Data   RW            2    .data               main.o
    0x2000005c   0x00000004   Data   RW         3282    .data               delay.o
    0x20000060   0x00000004   Data   RW         3376    .data               usart.o
    0x20000064   0x0000002c   Data   RW         3416    .data               control.o
    0x20000090   0x00000054   Data   RW         3466    .data               filter.o
    0x200000e4   0x0000003c   Data   RW         3613    .data               mpu6050.o
    0x20000120   0x0000002c   Data   RW         3803    .data               inv_mpu.o
    0x2000014c   0x00000005   Data   RW         4392    .data               hwjs.o
    0x20000151   0x00000003   PAD
    0x20000154   0x0000001c   Data   RW         4422    .data               show.o
    0x20000170   0x00000010   Zero   RW         3465    .bss                filter.o
    0x20000180   0x00000010   Zero   RW         4072    .bss                inv_mpu_dmp_motion_driver.o
    0x20000190   0x00000060   Zero   RW         4686    .bss                c_w.l(libspace.o)
    0x200001f0   0x00000200   Zero   RW          306    HEAP                startup_stm32f10x_md.o
    0x200003f0   0x00000400   Zero   RW          305    STACK               startup_stm32f10x_md.o


==============================================================================

Image component sizes


      Code (inc. data)   RO Data    RW Data    ZI Data      Debug   Object Name

      1244        194          0         44          0       4377   control.o
         0          0          0          0          0         32   core_cm3.o
       184         16          0          4          0       1799   delay.o
        80         12          0          0          0        542   dianji.o
       348         32          0          0          0       1687   encoder.o
       780         90          0         84         16       2374   filter.o
       296         24          0          5          0       2162   hwjs.o
      5684        274        158         44          0      25448   inv_mpu.o
      2536        112       3062          0         16      18418   inv_mpu_dmp_motion_driver.o
      1262         98          0          0          0      10415   ioi2c.o
       876        126          0          0          0       1382   key.o
       124         26          0         92          0     240597   main.o
       132         22          0          0          0       1599   misc.o
       988        372          0         60          0      23089   mpu6050.o
      1078         32       2072          0          0      10085   oled.o
       196         12          0          0          0       2110   pwm.o
      1760        210          0         28          0       2304   show.o
        64         26        236          0       1536        812   startup_stm32f10x_md.o
       160         12          0          0          0       1569   stm32f10x_exti.o
       368          4          0          0          0       4394   stm32f10x_gpio.o
        26          0          0          0          0       3922   stm32f10x_it.o
        64         12          0          0          0       1186   stm32f10x_rcc.o
       550         62          0          0          0       6174   stm32f10x_tim.o
       428         44          0          0          0       2940   sys.o
       328         28          0          0          0       1889   system_stm32f10x.o
        92         10          0          0          0        582   timer.o
       230         20          0          4          0       3546   usart.o

    ----------------------------------------------------------------------
     19900       1870       5564        368       1568     375434   Object Totals
         0          0         32          0          0          0   (incl. Generated)
        22          0          4          3          0          0   (incl. Padding)

    ----------------------------------------------------------------------

      Code (inc. data)   RO Data    RW Data    ZI Data      Debug   Library Member Name

        58          0          0          0          0          0   __dczerorl.o
         8          0          0          0          0         68   __main.o
       104          0          0          0          0         84   __printf.o
         0          0          0          0          0          0   __rtentry.o
        12          0          0          0          0          0   __rtentry2.o
         6          0          0          0          0          0   __rtentry4.o
        52          8          0          0          0          0   __scatter.o
        28          0          0          0          0          0   __scatter_zi.o
        48          6          0          0          0         96   _printf_char_common.o
        36          4          0          0          0         80   _printf_char_file.o
         6          0          0          0          0          0   _printf_d.o
       120         16          0          0          0         92   _printf_dec.o
       178          0          0          0          0         88   _printf_intcommon.o
         0          0          0          0          0          0   _printf_percent.o
         4          0          0          0          0          0   _printf_percent_end.o
        16          0          0          0          0         68   aeabi_memset.o
        12          0          0          0          0         72   exit.o
         8          0          0          0          0         68   ferror.o
         6          0          0          0          0        152   heapauxi.o
         2          0          0          0          0          0   libinit.o
         2          0          0          0          0          0   libinit2.o
         2          0          0          0          0          0   libshutdown.o
         2          0          0          0          0          0   libshutdown2.o
         8          4          0          0         96         68   libspace.o
        72          0          0          0          0         76   llsdiv.o
       238          0          0          0          0        100   lludivv7m.o
        88          0          0          0          0         76   memcmp.o
        24          4          0          0          0         84   noretval__2printf.o
        68          0          0          0          0         68   rt_memclr.o
        78          0          0          0          0         80   rt_memclr_w.o
         2          0          0          0          0          0   rtexit.o
        10          0          0          0          0          0   rtexit2.o
        74          0          0          0          0         80   sys_stackheap_outer.o
         2          0          0          0          0         68   use_no_semi.o
         2          0          0          0          0         68   use_no_semi_2.o
        98          4          0          0          0         92   d2f.o
       826         16          0          0          0        348   daddsub_clz.o
        16          4          0          0          0         68   dcheck1.o
        24          0          0          0          0         68   dcmpi.o
       688        140          0          0          0        208   ddiv.o
       120          4          0          0          0         92   dleqf.o
       340         12          0          0          0        104   dmul.o
       156          4          0          0          0         92   dnaninf.o
        12          0          0          0          0         68   dretinf.o
       108          0          0          0          0         80   drleqf.o
        86          4          0          0          0         84   f2d.o
       450          8          0          0          0        236   faddsub_clz.o
        24          0          0          0          0         68   fcmpi.o
       388         76          0          0          0         96   fdiv.o
       104          4          0          0          0         84   feqf.o
        54          4          0          0          0         84   ffix.o
        62          4          0          0          0         84   ffixu.o
        86          0          0          0          0        136   fflt_clz.o
       104          4          0          0          0         84   fleqf.o
       258          4          0          0          0         84   fmul.o
       140          4          0          0          0         84   fnaninf.o
        10          0          0          0          0         68   fretinf.o
        98          0          0          0          0         68   frleqf.o
       100          0          0          0          0         68   retnan.o
        92          0          0          0          0         68   scalbn.o
        48          0          0          0          0         68   trapv.o
         0          0          0          0          0          0   usenofp.o
       544         70        152          0          0        124   atan.o
       384         38          0          0          0        144   atan2.o
        26          6          0          0          0        204   dunder.o
        40          0          0          0          0         68   fpclassify.o
       170          0          0          0          0         96   poly.o
         0          0          8          0          0          0   qnan.o

    ----------------------------------------------------------------------
      7056        452        160          0         96       4956   Library Totals
        24          0          0          0          0          0   (incl. Padding)

    ----------------------------------------------------------------------

      Code (inc. data)   RO Data    RW Data    ZI Data      Debug   Library Name

      1376         42          0          0         96       1636   c_w.l
      4492        296          0          0          0       2684   fz_ws.l
      1164        114        160          0          0        636   m_ws.l

    ----------------------------------------------------------------------
      7056        452        160          0         96       4956   Library Totals

    ----------------------------------------------------------------------

==============================================================================


      Code (inc. data)   RO Data    RW Data    ZI Data      Debug   

     26956       2322       5724        368       1664     369726   Grand Totals
     26956       2322       5724         76       1664     369726   ELF Image Totals (compressed)
     26956       2322       5724         76          0          0   ROM Totals

==============================================================================

    Total RO  Size (Code + RO Data)                32680 (  31.91kB)
    Total RW  Size (RW Data + ZI Data)              2032 (   1.98kB)
    Total ROM Size (Code + RO Data + RW Data)      32756 (  31.99kB)

==============================================================================

